This is XeTeX, Version 3.141592653-2.6-0.999996 (MiKTeX 24.4) (preloaded format=xelatex 2025.6.7)  25 AUG 2026 13:16
entering extended mode
 restricted \write18 enabled.
 %&-line parsing enabled.
**./bookdown-demo.tex
(bookdown-demo.tex
LaTeX2e <2024-06-01> patch level 2
L3 programming layer <2024-07-20>
(C:\miktex\tex/latex/base\book.cls
Document Class: book 2024/02/08 v1.4n Standard LaTeX document class
(C:\miktex\tex/latex/base\bk10.clo
File: bk10.clo 2024/02/08 v1.4n Standard LaTeX file (size option)
)
\c@part=\count190
\c@chapter=\count191
\c@section=\count192
\c@subsection=\count193
\c@subsubsection=\count194
\c@paragraph=\count195
\c@subparagraph=\count196
\c@figure=\count197
\c@table=\count198
\abovecaptionskip=\skip49
\belowcaptionskip=\skip50
\bibindent=\dimen141
) (C:\miktex\tex/latex/amsmath\amsmath.sty
Package: amsmath 2024/05/23 v2.17q AMS math features
\@mathmargin=\skip51
For additional information on amsmath, use the `?' option.
(C:\miktex\tex/latex/amsmath\amstext.sty
Package: amstext 2021/08/26 v2.01 AMS text
(C:\miktex\tex/latex/amsmath\amsgen.sty
File: amsgen.sty 1999/11/30 v2.0 generic functions
\@emptytoks=\toks17
\ex@=\dimen142
)) (C:\miktex\tex/latex/amsmath\amsbsy.sty
Package: amsbsy 1999/11/29 v1.2d Bold Symbols
\pmbraise@=\dimen143
) (C:\miktex\tex/latex/amsmath\amsopn.sty
Package: amsopn 2022/04/08 v2.04 operator names
)
\inf@bad=\count199
LaTeX Info: Redefining \frac on input line 233.
\uproot@=\count266
\leftroot@=\count267
LaTeX Info: Redefining \overline on input line 398.
LaTeX Info: Redefining \colon on input line 409.
\classnum@=\count268
\DOTSCASE@=\count269
LaTeX Info: Redefining \ldots on input line 495.
LaTeX Info: Redefining \dots on input line 498.
LaTeX Info: Redefining \cdots on input line 619.
\Mathstrutbox@=\box52
\strutbox@=\box53
LaTeX Info: Redefining \big on input line 721.
LaTeX Info: Redefining \Big on input line 722.
LaTeX Info: Redefining \bigg on input line 723.
LaTeX Info: Redefining \Bigg on input line 724.
\big@size=\dimen144
LaTeX Font Info:    Redeclaring font encoding OML on input line 742.
LaTeX Font Info:    Redeclaring font encoding OMS on input line 743.
\macc@depth=\count270
LaTeX Info: Redefining \bmod on input line 904.
LaTeX Info: Redefining \pmod on input line 909.
LaTeX Info: Redefining \smash on input line 939.
LaTeX Info: Redefining \relbar on input line 969.
LaTeX Info: Redefining \Relbar on input line 970.
\c@MaxMatrixCols=\count271
\dotsspace@=\muskip17
\c@parentequation=\count272
\dspbrk@lvl=\count273
\tag@help=\toks18
\row@=\count274
\column@=\count275
\maxfields@=\count276
\andhelp@=\toks19
\eqnshift@=\dimen145
\alignsep@=\dimen146
\tagshift@=\dimen147
\tagwidth@=\dimen148
\totwidth@=\dimen149
\lineht@=\dimen150
\@envbody=\toks20
\multlinegap=\skip52
\multlinetaggap=\skip53
\mathdisplay@stack=\toks21
LaTeX Info: Redefining \[ on input line 2953.
LaTeX Info: Redefining \] on input line 2954.
) (C:\miktex\tex/latex/amsfonts\amssymb.sty
Package: amssymb 2013/01/14 v3.01 AMS font symbols
(C:\miktex\tex/latex/amsfonts\amsfonts.sty
Package: amsfonts 2013/01/14 v3.01 Basic AMSFonts support
\symAMSa=\mathgroup4
\symAMSb=\mathgroup5
LaTeX Font Info:    Redeclaring math symbol \hbar on input line 98.
LaTeX Font Info:    Overwriting math alphabet `\mathfrak' in version `bold'
(Font)                  U/euf/m/n --> U/euf/b/n on input line 106.
)) (C:\miktex\tex/generic/iftex\iftex.sty
Package: iftex 2022/02/03 v1.0f TeX engine tests
) (C:\miktex\tex/latex/unicode-math\unicode-math.sty (C:\miktex\tex/latex/l3ker
nel\expl3.sty
Package: expl3 2024-07-20 L3 programming layer (loader) 
(C:\miktex\tex/latex/l3backend\l3backend-xetex.def
File: l3backend-xetex.def 2024-05-08 L3 backend support: XeTeX
\g__graphics_track_int=\count277
\l__pdf_internal_box=\box54
\g__pdf_backend_annotation_int=\count278
\g__pdf_backend_link_int=\count279
))
Package: unicode-math 2023/08/13 v0.8r Unicode maths in XeLaTeX and LuaLaTeX
(C:\miktex\tex/latex/unicode-math\unicode-math-xetex.sty
Package: unicode-math-xetex 2023/08/13 v0.8r Unicode maths in XeLaTeX and LuaLa
TeX
(C:\miktex\tex/latex/l3packages/xparse\xparse.sty
Package: xparse 2024-05-08 L3 Experimental document command parser
) (C:\miktex\tex/latex/l3packages/l3keys2e\l3keys2e.sty
Package: l3keys2e 2024-05-08 LaTeX2e option processing using LaTeX3 keys
) (C:\miktex\tex/latex/fontspec\fontspec.sty
Package: fontspec 2024/05/11 v2.9e Font selection for XeLaTeX and LuaLaTeX
(C:\miktex\tex/latex/fontspec\fontspec-xetex.sty
Package: fontspec-xetex 2024/05/11 v2.9e Font selection for XeLaTeX and LuaLaTe
X
\l__fontspec_script_int=\count280
\l__fontspec_language_int=\count281
\l__fontspec_strnum_int=\count282
\l__fontspec_tmp_int=\count283
\l__fontspec_tmpa_int=\count284
\l__fontspec_tmpb_int=\count285
\l__fontspec_tmpc_int=\count286
\l__fontspec_em_int=\count287
\l__fontspec_emdef_int=\count288
\l__fontspec_strong_int=\count289
\l__fontspec_strongdef_int=\count290
\l__fontspec_tmpa_dim=\dimen151
\l__fontspec_tmpb_dim=\dimen152
\l__fontspec_tmpc_dim=\dimen153
(C:\miktex\tex/latex/base\fontenc.sty
Package: fontenc 2021/04/29 v2.0v Standard LaTeX package
) (C:\miktex\tex/latex/fontspec\fontspec.cfg))) (C:\miktex\tex/latex/base\fix-c
m.sty
Package: fix-cm 2020/11/24 v1.1t fixes to LaTeX
(C:\miktex\tex/latex/base\ts1enc.def
File: ts1enc.def 2001/06/05 v3.0e (jk/car/fm) Standard LaTeX file
LaTeX Font Info:    Redeclaring font encoding TS1 on input line 47.
))
\g__um_fam_int=\count291
\g__um_fonts_used_int=\count292
\l__um_primecount_int=\count293
\g__um_primekern_muskip=\muskip18
(C:\miktex\tex/latex/unicode-math\unicode-math-table.tex))) (C:\miktex\tex/late
x/lm\lmodern.sty
Package: lmodern 2015/05/01 v1.6.1 Latin Modern Fonts
LaTeX Font Info:    Overwriting symbol font `operators' in version `normal'
(Font)                  OT1/cmr/m/n --> OT1/lmr/m/n on input line 22.
LaTeX Font Info:    Overwriting symbol font `letters' in version `normal'
(Font)                  OML/cmm/m/it --> OML/lmm/m/it on input line 23.
LaTeX Font Info:    Overwriting symbol font `symbols' in version `normal'
(Font)                  OMS/cmsy/m/n --> OMS/lmsy/m/n on input line 24.
LaTeX Font Info:    Overwriting symbol font `largesymbols' in version `normal'
(Font)                  OMX/cmex/m/n --> OMX/lmex/m/n on input line 25.
LaTeX Font Info:    Overwriting symbol font `operators' in version `bold'
(Font)                  OT1/cmr/bx/n --> OT1/lmr/bx/n on input line 26.
LaTeX Font Info:    Overwriting symbol font `letters' in version `bold'
(Font)                  OML/cmm/b/it --> OML/lmm/b/it on input line 27.
LaTeX Font Info:    Overwriting symbol font `symbols' in version `bold'
(Font)                  OMS/cmsy/b/n --> OMS/lmsy/b/n on input line 28.
LaTeX Font Info:    Overwriting symbol font `largesymbols' in version `bold'
(Font)                  OMX/cmex/m/n --> OMX/lmex/m/n on input line 29.
LaTeX Font Info:    Overwriting math alphabet `\mathbf' in version `normal'
(Font)                  OT1/cmr/bx/n --> OT1/lmr/bx/n on input line 31.
LaTeX Font Info:    Overwriting math alphabet `\mathsf' in version `normal'
(Font)                  OT1/cmss/m/n --> OT1/lmss/m/n on input line 32.
LaTeX Font Info:    Overwriting math alphabet `\mathit' in version `normal'
(Font)                  OT1/cmr/m/it --> OT1/lmr/m/it on input line 33.
LaTeX Font Info:    Overwriting math alphabet `\mathtt' in version `normal'
(Font)                  OT1/cmtt/m/n --> OT1/lmtt/m/n on input line 34.
LaTeX Font Info:    Overwriting math alphabet `\mathbf' in version `bold'
(Font)                  OT1/cmr/bx/n --> OT1/lmr/bx/n on input line 35.
LaTeX Font Info:    Overwriting math alphabet `\mathsf' in version `bold'
(Font)                  OT1/cmss/bx/n --> OT1/lmss/bx/n on input line 36.
LaTeX Font Info:    Overwriting math alphabet `\mathit' in version `bold'
(Font)                  OT1/cmr/bx/it --> OT1/lmr/bx/it on input line 37.
LaTeX Font Info:    Overwriting math alphabet `\mathtt' in version `bold'
(Font)                  OT1/cmtt/m/n --> OT1/lmtt/m/n on input line 38.
) (C:\miktex\tex/latex/upquote\upquote.sty
Package: upquote 2012/04/19 v1.3 upright-quote and grave-accent glyphs in verba
tim
(C:\miktex\tex/latex/base\textcomp.sty
Package: textcomp 2024/04/24 v2.1b Standard LaTeX package
)) (C:\miktex\tex/latex/microtype\microtype.sty
Package: microtype 2024/03/29 v3.1b Micro-typographical refinements (RS)
(C:\miktex\tex/latex/graphics\keyval.sty
Package: keyval 2022/05/29 v1.15 key=value parser (DPC)
\KV@toks@=\toks22
) (C:\miktex\tex/latex/etoolbox\etoolbox.sty
Package: etoolbox 2020/10/05 v2.5k e-TeX tools for LaTeX (JAW)
\etb@tempcnta=\count294
)
\MT@toks=\toks23
\MT@tempbox=\box55
\MT@count=\count295
LaTeX Info: Redefining \noprotrusionifhmode on input line 1061.
LaTeX Info: Redefining \leftprotrusion on input line 1062.
\MT@prot@toks=\toks24
LaTeX Info: Redefining \rightprotrusion on input line 1081.
LaTeX Info: Redefining \textls on input line 1392.
\MT@outer@kern=\dimen154
LaTeX Info: Redefining \textmicrotypecontext on input line 2013.
\MT@listname@count=\count296
(C:\miktex\tex/latex/microtype\microtype-xetex.def
File: microtype-xetex.def 2024/03/29 v3.1b Definitions specific to xetex (RS)
LaTeX Info: Redefining \lsstyle on input line 238.
)
Package microtype Info: Loading configuration file microtype.cfg.
(C:\miktex\tex/latex/microtype\microtype.cfg
File: microtype.cfg 2024/03/29 v3.1b microtype main configuration file (RS)
)) (C:\miktex\tex/latex/parskip\parskip.sty
Package: parskip 2021-03-14 v2.0h non-zero parskip adjustments
(C:\miktex\tex/latex/kvoptions\kvoptions.sty
Package: kvoptions 2022-06-15 v3.15 Key value format for package options (HO)
(C:\miktex\tex/generic/ltxcmds\ltxcmds.sty
Package: ltxcmds 2023-12-04 v1.26 LaTeX kernel commands for general use (HO)
) (C:\miktex\tex/latex/kvsetkeys\kvsetkeys.sty
Package: kvsetkeys 2022-10-05 v1.19 Key value parser (HO)
))) (C:\miktex\tex/latex/xcolor\xcolor.sty
Package: xcolor 2023/11/15 v3.01 LaTeX color extensions (UK)
(C:\miktex\tex/latex/graphics-cfg\color.cfg
File: color.cfg 2016/01/02 v1.6 sample color configuration
)
Package xcolor Info: Driver file: xetex.def on input line 274.
(C:\miktex\tex/latex/graphics-def\xetex.def
File: xetex.def 2022/09/22 v5.0n Graphics/color driver for xetex
) (C:\miktex\tex/latex/graphics\mathcolor.ltx)
Package xcolor Info: Model `cmy' substituted by `cmy0' on input line 1350.
Package xcolor Info: Model `RGB' extended on input line 1366.
Package xcolor Info: Model `HTML' substituted by `rgb' on input line 1368.
Package xcolor Info: Model `Hsb' substituted by `hsb' on input line 1369.
Package xcolor Info: Model `tHsb' substituted by `hsb' on input line 1370.
Package xcolor Info: Model `HSB' substituted by `hsb' on input line 1371.
Package xcolor Info: Model `Gray' substituted by `gray' on input line 1372.
Package xcolor Info: Model `wave' substituted by `hsb' on input line 1373.
) (C:\miktex\tex/latex/fancyvrb\fancyvrb.sty
Package: fancyvrb 2024/01/20 4.5c verbatim text (tvz,hv)
\FV@CodeLineNo=\count297
\FV@InFile=\read2
\FV@TabBox=\box56
\c@FancyVerbLine=\count298
\FV@StepNumber=\count299
\FV@OutFile=\write3
) (C:\miktex\tex/latex/framed\framed.sty
Package: framed 2011/10/22 v 0.96: framed or shaded text with page breaks
\OuterFrameSep=\skip54
\fb@frw=\dimen155
\fb@frh=\dimen156
\FrameRule=\dimen157
\FrameSep=\dimen158
) (C:\miktex\tex/latex/tools\longtable.sty
Package: longtable 2024-04-26 v4.20 Multi-page Table package (DPC)
\LTleft=\skip55
\LTright=\skip56
\LTpre=\skip57
\LTpost=\skip58
\LTchunksize=\count300
\LTcapwidth=\dimen159
\LT@head=\box57
\LT@firsthead=\box58
\LT@foot=\box59
\LT@lastfoot=\box60
\LT@gbox=\box61
\LT@cols=\count301
\LT@rows=\count302
\c@LT@tables=\count303
\c@LT@chunks=\count304
\LT@p@ftn=\toks25
) (C:\miktex\tex/latex/booktabs\booktabs.sty
Package: booktabs 2020/01/12 v1.61803398 Publication quality tables
\heavyrulewidth=\dimen160
\lightrulewidth=\dimen161
\cmidrulewidth=\dimen162
\belowrulesep=\dimen163
\belowbottomsep=\dimen164
\aboverulesep=\dimen165
\abovetopsep=\dimen166
\cmidrulesep=\dimen167
\cmidrulekern=\dimen168
\defaultaddspace=\dimen169
\@cmidla=\count305
\@cmidlb=\count306
\@aboverulesep=\dimen170
\@belowrulesep=\dimen171
\@thisruleclass=\count307
\@lastruleclass=\count308
\@thisrulewidth=\dimen172
) (C:\miktex\tex/latex/tools\array.sty
Package: array 2024/06/14 v2.6d Tabular extension package (FMi)
\col@sep=\dimen173
\ar@mcellbox=\box62
\extrarowheight=\dimen174
\NC@list=\toks26
\extratabsurround=\skip59
\backup@length=\skip60
\ar@cellbox=\box63
) (C:\miktex\tex/latex/tools\calc.sty
Package: calc 2023/07/08 v4.3 Infix arithmetic (KKT,FJ)
\calc@Acount=\count309
\calc@Bcount=\count310
\calc@Adimen=\dimen175
\calc@Bdimen=\dimen176
\calc@Askip=\skip61
\calc@Bskip=\skip62
LaTeX Info: Redefining \setlength on input line 80.
LaTeX Info: Redefining \addtolength on input line 81.
\calc@Ccount=\count311
\calc@Cskip=\skip63
) (C:\miktex\tex/latex/footnotehyper\footnotehyper.sty
Package: footnotehyper 2021/08/13 v1.1e hyperref aware footnote.sty (JFB)
\FNH@notes=\box64
\FNH@width=\dimen177
\FNH@toks=\toks27
) (C:\miktex\tex/latex/graphics\graphicx.sty
Package: graphicx 2021/09/16 v1.2d Enhanced LaTeX Graphics (DPC,SPQR)
(C:\miktex\tex/latex/graphics\graphics.sty
Package: graphics 2024/05/23 v1.4g Standard LaTeX Graphics (DPC,SPQR)
(C:\miktex\tex/latex/graphics\trig.sty
Package: trig 2023/12/02 v1.11 sin cos tan (DPC)
) (C:\miktex\tex/latex/graphics-cfg\graphics.cfg
File: graphics.cfg 2016/06/04 v1.11 sample graphics configuration
)
Package graphics Info: Driver file: xetex.def on input line 106.
)
\Gin@req@height=\dimen178
\Gin@req@width=\dimen179
) (C:\miktex\tex/latex/amscls\amsthm.sty
Package: amsthm 2020/05/29 v2.20.6
\thm@style=\toks28
\thm@bodyfont=\toks29
\thm@headfont=\toks30
\thm@notefont=\toks31
\thm@headpunct=\toks32
\thm@preskip=\skip64
\thm@postskip=\skip65
\thm@headsep=\skip66
\dth@everypar=\toks33
) (C:\miktex\tex/latex/natbib\natbib.sty
Package: natbib 2010/09/13 8.31b (PWD, AO)
\bibhang=\skip67
\bibsep=\skip68
LaTeX Info: Redefining \cite on input line 694.
\c@NAT@ctr=\count312
) (C:\miktex\tex/latex/bookmark\bookmark.sty
Package: bookmark 2023-12-10 v1.31 PDF bookmarks (HO)
(C:\miktex\tex/latex/hyperref\hyperref.sty
Package: hyperref 2024-07-10 v7.01j Hypertext links for LaTeX
(C:\miktex\tex/generic/kvdefinekeys\kvdefinekeys.sty
Package: kvdefinekeys 2019-12-19 v1.6 Define keys (HO)
) (C:\miktex\tex/generic/pdfescape\pdfescape.sty
Package: pdfescape 2019/12/09 v1.15 Implements pdfTeX's escape features (HO)
(C:\miktex\tex/generic/pdftexcmds\pdftexcmds.sty
Package: pdftexcmds 2020-06-27 v0.33 Utility functions of pdfTeX for LuaTeX (HO
)
(C:\miktex\tex/generic/infwarerr\infwarerr.sty
Package: infwarerr 2019/12/03 v1.5 Providing info/warning/error messages (HO)
)
Package pdftexcmds Info: \pdf@primitive is available.
Package pdftexcmds Info: \pdf@ifprimitive is available.
Package pdftexcmds Info: \pdfdraftmode not found.
)) (C:\miktex\tex/latex/hycolor\hycolor.sty
Package: hycolor 2020-01-27 v1.10 Color options for hyperref/bookmark (HO)
) (C:\miktex\tex/latex/hyperref\nameref.sty
Package: nameref 2023-11-26 v2.56 Cross-referencing by name of section
(C:\miktex\tex/latex/refcount\refcount.sty
Package: refcount 2019/12/15 v3.6 Data extraction from label references (HO)
) (C:\miktex\tex/generic/gettitlestring\gettitlestring.sty
Package: gettitlestring 2019/12/15 v1.6 Cleanup title references (HO)
)
\c@section@level=\count313
) (C:\miktex\tex/generic/stringenc\stringenc.sty
Package: stringenc 2019/11/29 v1.12 Convert strings between diff. encodings (HO
)
)
\@linkdim=\dimen180
\Hy@linkcounter=\count314
\Hy@pagecounter=\count315
(C:\miktex\tex/latex/hyperref\pd1enc.def
File: pd1enc.def 2024-07-10 v7.01j Hyperref: PDFDocEncoding definition (HO)
) (C:\miktex\tex/generic/intcalc\intcalc.sty
Package: intcalc 2019/12/15 v1.3 Expandable calculations with integers (HO)
)
\Hy@SavedSpaceFactor=\count316
(C:\miktex\tex/latex/hyperref\puenc.def
File: puenc.def 2024-07-10 v7.01j Hyperref: PDF Unicode definition (HO)
)
Package hyperref Info: Option `unicode' set `true' on input line 4040.
Package hyperref Info: Hyper figures OFF on input line 4157.
Package hyperref Info: Link nesting OFF on input line 4162.
Package hyperref Info: Hyper index ON on input line 4165.
Package hyperref Info: Plain pages OFF on input line 4172.
Package hyperref Info: Backreferencing OFF on input line 4177.
Package hyperref Info: Implicit mode ON; LaTeX internals redefined.
Package hyperref Info: Bookmarks ON on input line 4424.
\c@Hy@tempcnt=\count317
(C:\miktex\tex/latex/url\url.sty
\Urlmuskip=\muskip19
Package: url 2013/09/16  ver 3.4  Verb mode for urls, etc.
)
LaTeX Info: Redefining \url on input line 4763.
\XeTeXLinkMargin=\dimen181
(C:\miktex\tex/generic/bitset\bitset.sty
Package: bitset 2019/12/09 v1.3 Handle bit-vector datatype (HO)
(C:\miktex\tex/generic/bigintcalc\bigintcalc.sty
Package: bigintcalc 2019/12/15 v1.5 Expandable calculations on big integers (HO
)
))
\Fld@menulength=\count318
\Field@Width=\dimen182
\Fld@charsize=\dimen183
Package hyperref Info: Hyper figures OFF on input line 6042.
Package hyperref Info: Link nesting OFF on input line 6047.
Package hyperref Info: Hyper index ON on input line 6050.
Package hyperref Info: backreferencing OFF on input line 6057.
Package hyperref Info: Link coloring OFF on input line 6062.
Package hyperref Info: Link coloring with OCG OFF on input line 6067.
Package hyperref Info: PDF/A mode OFF on input line 6072.
(C:\miktex\tex/latex/base\atbegshi-ltx.sty
Package: atbegshi-ltx 2021/01/10 v1.0c Emulation of the original atbegshi
package with kernel methods
)
\Hy@abspage=\count319
\c@Item=\count320
\c@Hfootnote=\count321
)
Package hyperref Info: Driver (autodetected): hxetex.
(C:\miktex\tex/latex/hyperref\hxetex.def
File: hxetex.def 2024-07-10 v7.01j Hyperref driver for XeTeX
\pdfm@box=\box65
\c@Hy@AnnotLevel=\count322
\HyField@AnnotCount=\count323
\Fld@listcount=\count324
\c@bookmark@seq@number=\count325
(C:\miktex\tex/latex/rerunfilecheck\rerunfilecheck.sty
Package: rerunfilecheck 2022-07-10 v1.10 Rerun checks for auxiliary files (HO)
(C:\miktex\tex/latex/base\atveryend-ltx.sty
Package: atveryend-ltx 2020/08/19 v1.0a Emulation of the original atveryend pac
kage
with kernel methods
) (C:\miktex\tex/generic/uniquecounter\uniquecounter.sty
Package: uniquecounter 2019/12/15 v1.4 Provide unlimited unique counter (HO)
)
Package uniquecounter Info: New unique counter `rerunfilecheck' on input line 2
85.
)
\Hy@SectionHShift=\skip69
) (C:\miktex\tex/latex/bookmark\bkm-dvipdfm.def
File: bkm-dvipdfm.def 2023-12-10 v1.31 bookmark driver for dvipdfm (HO)
\BKM@id=\count326
)) (C:\miktex\tex/latex/xurl\xurl.sty
Package: xurl 2022/01/09 v 0.10 modify URL breaks
) (bookdown-demo.aux)
\openout1 = `bookdown-demo.aux'.

LaTeX Font Info:    Checking defaults for OML/cmm/m/it on input line 132.
LaTeX Font Info:    ... okay on input line 132.
LaTeX Font Info:    Checking defaults for OMS/cmsy/m/n on input line 132.
LaTeX Font Info:    ... okay on input line 132.
LaTeX Font Info:    Checking defaults for OT1/cmr/m/n on input line 132.
LaTeX Font Info:    ... okay on input line 132.
LaTeX Font Info:    Checking defaults for T1/cmr/m/n on input line 132.
LaTeX Font Info:    ... okay on input line 132.
LaTeX Font Info:    Checking defaults for TS1/cmr/m/n on input line 132.
LaTeX Font Info:    ... okay on input line 132.
LaTeX Font Info:    Checking defaults for TU/lmr/m/n on input line 132.
LaTeX Font Info:    ... okay on input line 132.
LaTeX Font Info:    Checking defaults for OMX/cmex/m/n on input line 132.
LaTeX Font Info:    ... okay on input line 132.
LaTeX Font Info:    Checking defaults for U/cmr/m/n on input line 132.
LaTeX Font Info:    ... okay on input line 132.
LaTeX Font Info:    Checking defaults for PD1/pdf/m/n on input line 132.
LaTeX Font Info:    ... okay on input line 132.
LaTeX Font Info:    Checking defaults for PU/pdf/m/n on input line 132.
LaTeX Font Info:    ... okay on input line 132.
LaTeX Font Info:    Overwriting math alphabet `\mathrm' in version `normal'
(Font)                  OT1/lmr/m/n --> TU/lmr/m/n on input line 132.
LaTeX Font Info:    Overwriting math alphabet `\mathit' in version `normal'
(Font)                  OT1/lmr/m/it --> TU/lmr/m/it on input line 132.
LaTeX Font Info:    Overwriting math alphabet `\mathbf' in version `normal'
(Font)                  OT1/lmr/bx/n --> TU/lmr/bx/n on input line 132.
LaTeX Font Info:    Overwriting math alphabet `\mathsf' in version `normal'
(Font)                  OT1/lmss/m/n --> TU/lmss/m/n on input line 132.
LaTeX Font Info:    Overwriting math alphabet `\mathsf' in version `bold'
(Font)                  OT1/lmss/bx/n --> TU/lmss/bx/n on input line 132.
LaTeX Font Info:    Overwriting math alphabet `\mathtt' in version `normal'
(Font)                  OT1/lmtt/m/n --> TU/lmtt/m/n on input line 132.
LaTeX Font Info:    Overwriting math alphabet `\mathtt' in version `bold'
(Font)                  OT1/lmtt/m/n --> TU/lmtt/bx/n on input line 132.

Package fontspec Info: 
(fontspec)             latinmodern-math scale = 0.9999964596882403.


Package fontspec Info: 
(fontspec)             latinmodern-math scale = 0.9999964596882403.


Package fontspec Info: 
(fontspec)             latinmodern-math scale = 0.9999964596882403.


Package fontspec Info: 
(fontspec)             Font family 'latinmodern-math.otf(0)' created for font
(fontspec)             'latinmodern-math.otf' with options
(fontspec)             [Scale=MatchLowercase,BoldItalicFont={},ItalicFont={},Sm
allCapsFont={},Script=Math,BoldFont={latinmodern-math.otf}].
(fontspec)              
(fontspec)              This font family consists of the following NFSS
(fontspec)             series/shapes:
(fontspec)              
(fontspec)             - 'normal' (m/n) with NFSS spec.:
(fontspec)             <->s*[0.9999964596882403]"[latinmodern-math.otf]/OT:scri
pt=math;language=dflt;"
(fontspec)             - 'bold' (b/n) with NFSS spec.:
(fontspec)             <->s*[0.9999964596882403]"[latinmodern-math.otf]/OT:scri
pt=math;language=dflt;"

LaTeX Font Info:    Font shape `TU/latinmodern-math.otf(0)/m/n' will be
(Font)              scaled to size 10.0pt on input line 132.

Package fontspec Info: 
(fontspec)             latinmodern-math scale = 0.9999964596882403.


Package fontspec Info: 
(fontspec)             latinmodern-math scale = 0.9999964596882403.


Package fontspec Info: 
(fontspec)             latinmodern-math scale = 0.9999964596882403.


Package fontspec Info: 
(fontspec)             latinmodern-math scale = 0.9999964596882403.


Package fontspec Info: 
(fontspec)             latinmodern-math scale = 0.9999964596882403.


Package fontspec Info: 
(fontspec)             Font family 'latinmodern-math.otf(1)' created for font
(fontspec)             'latinmodern-math.otf' with options
(fontspec)             [Scale=MatchLowercase,BoldItalicFont={},ItalicFont={},Sm
allCapsFont={},Script=Math,SizeFeatures={{Size=8.5-},{Size=6-8.5,Font=latinmode
rn-math.otf,Style=MathScript},{Size=-6,Font=latinmodern-math.otf,Style=MathScri
ptScript}},BoldFont={latinmodern-math.otf}].
(fontspec)              
(fontspec)              This font family consists of the following NFSS
(fontspec)             series/shapes:
(fontspec)              
(fontspec)             - 'normal' (m/n) with NFSS spec.:
(fontspec)             <8.5->s*[0.9999964596882403]"[latinmodern-math.otf]/OT:s
cript=math;language=dflt;"<6-8.5>s*[0.9999964596882403]"[latinmodern-math.otf]/
OT:script=math;language=dflt;+ssty=0;"<-6>s*[0.9999964596882403]"[latinmodern-m
ath.otf]/OT:script=math;language=dflt;+ssty=1;"
(fontspec)             - 'bold' (b/n) with NFSS spec.:
(fontspec)             <->s*[0.9999964596882403]"[latinmodern-math.otf]/OT:scri
pt=math;language=dflt;"

LaTeX Font Info:    Font shape `TU/latinmodern-math.otf(1)/m/n' will be
(Font)              scaled to size 10.0pt on input line 132.
LaTeX Font Info:    Encoding `OT1' has changed to `TU' for symbol font
(Font)              `operators' in the math version `normal' on input line 132.

LaTeX Font Info:    Overwriting symbol font `operators' in version `normal'
(Font)                  OT1/lmr/m/n --> TU/latinmodern-math.otf(1)/m/n on input
 line 132.
LaTeX Font Info:    Encoding `OT1' has changed to `TU' for symbol font
(Font)              `operators' in the math version `bold' on input line 132.
LaTeX Font Info:    Overwriting symbol font `operators' in version `bold'
(Font)                  OT1/lmr/bx/n --> TU/latinmodern-math.otf(1)/b/n on inpu
t line 132.

Package fontspec Info: 
(fontspec)             latinmodern-math scale = 0.9999964596882403.


Package fontspec Info: 
(fontspec)             latinmodern-math scale = 1.000096459334209.


Package fontspec Info: 
(fontspec)             latinmodern-math scale = 0.9999964596882403.


Package fontspec Info: 
(fontspec)             latinmodern-math scale = 1.000096459334209.


Package fontspec Info: 
(fontspec)             latinmodern-math scale = 0.9999964596882403.


Package fontspec Info: 
(fontspec)             latinmodern-math scale = 1.000096459334209.


Package fontspec Info: 
(fontspec)             latinmodern-math scale = 0.9999964596882403.


Package fontspec Info: 
(fontspec)             latinmodern-math scale = 1.000096459334209.


Package fontspec Info: 
(fontspec)             latinmodern-math scale = 0.9999964596882403.


Package fontspec Info: 
(fontspec)             latinmodern-math scale = 1.000096459334209.


Package fontspec Info: 
(fontspec)             Font family 'latinmodern-math.otf(2)' created for font
(fontspec)             'latinmodern-math.otf' with options
(fontspec)             [Scale=MatchLowercase,BoldItalicFont={},ItalicFont={},Sm
allCapsFont={},Script=Math,SizeFeatures={{Size=8.5-},{Size=6-8.5,Font=latinmode
rn-math.otf,Style=MathScript},{Size=-6,Font=latinmodern-math.otf,Style=MathScri
ptScript}},BoldFont={latinmodern-math.otf},ScaleAgain=1.0001,FontAdjustment={\f
ontdimen
(fontspec)             8\font =6.77pt\relax \fontdimen 9\font =3.94pt\relax
(fontspec)             \fontdimen 10\font =4.44pt\relax \fontdimen 11\font
(fontspec)             =6.86pt\relax \fontdimen 12\font =3.45pt\relax
(fontspec)             \fontdimen 13\font =3.63pt\relax \fontdimen 14\font
(fontspec)             =3.63pt\relax \fontdimen 15\font =2.89pt\relax
(fontspec)             \fontdimen 16\font =2.47pt\relax \fontdimen 17\font
(fontspec)             =2.47pt\relax \fontdimen 18\font =2.5pt\relax
(fontspec)             \fontdimen 19\font =2.0pt\relax \fontdimen 22\font
(fontspec)             =2.5pt\relax \fontdimen 20\font =0pt\relax \fontdimen
(fontspec)             21\font =0pt\relax }].
(fontspec)              
(fontspec)              This font family consists of the following NFSS
(fontspec)             series/shapes:
(fontspec)              
(fontspec)             - 'normal' (m/n) with NFSS spec.:
(fontspec)             <8.5->s*[1.000096459334209]"[latinmodern-math.otf]/OT:sc
ript=math;language=dflt;"<6-8.5>s*[1.000096459334209]"[latinmodern-math.otf]/OT
:script=math;language=dflt;+ssty=0;"<-6>s*[1.000096459334209]"[latinmodern-math
.otf]/OT:script=math;language=dflt;+ssty=1;"
(fontspec)             - 'bold' (b/n) with NFSS spec.:
(fontspec)             <->s*[1.000096459334209]"[latinmodern-math.otf]/OT:scrip
t=math;language=dflt;"

LaTeX Font Info:    Encoding `OMS' has changed to `TU' for symbol font
(Font)              `symbols' in the math version `normal' on input line 132.
LaTeX Font Info:    Overwriting symbol font `symbols' in version `normal'
(Font)                  OMS/lmsy/m/n --> TU/latinmodern-math.otf(2)/m/n on inpu
t line 132.
LaTeX Font Info:    Encoding `OMS' has changed to `TU' for symbol font
(Font)              `symbols' in the math version `bold' on input line 132.
LaTeX Font Info:    Overwriting symbol font `symbols' in version `bold'
(Font)                  OMS/lmsy/b/n --> TU/latinmodern-math.otf(2)/b/n on inpu
t line 132.

Package fontspec Info: 
(fontspec)             latinmodern-math scale = 0.9999964596882403.


Package fontspec Info: 
(fontspec)             latinmodern-math scale = 0.9998964600422715.


Package fontspec Info: 
(fontspec)             latinmodern-math scale = 0.9999964596882403.


Package fontspec Info: 
(fontspec)             latinmodern-math scale = 0.9998964600422715.


Package fontspec Info: 
(fontspec)             latinmodern-math scale = 0.9999964596882403.


Package fontspec Info: 
(fontspec)             latinmodern-math scale = 0.9998964600422715.


Package fontspec Info: 
(fontspec)             latinmodern-math scale = 0.9999964596882403.


Package fontspec Info: 
(fontspec)             latinmodern-math scale = 0.9998964600422715.


Package fontspec Info: 
(fontspec)             latinmodern-math scale = 0.9999964596882403.


Package fontspec Info: 
(fontspec)             latinmodern-math scale = 0.9998964600422715.


Package fontspec Info: 
(fontspec)             Font family 'latinmodern-math.otf(3)' created for font
(fontspec)             'latinmodern-math.otf' with options
(fontspec)             [Scale=MatchLowercase,BoldItalicFont={},ItalicFont={},Sm
allCapsFont={},Script=Math,SizeFeatures={{Size=8.5-},{Size=6-8.5,Font=latinmode
rn-math.otf,Style=MathScript},{Size=-6,Font=latinmodern-math.otf,Style=MathScri
ptScript}},BoldFont={latinmodern-math.otf},ScaleAgain=0.9999,FontAdjustment={\f
ontdimen
(fontspec)             8\font =0.4pt\relax \fontdimen 9\font =2.0pt\relax
(fontspec)             \fontdimen 10\font =1.67pt\relax \fontdimen 11\font
(fontspec)             =1.11pt\relax \fontdimen 12\font =6.0pt\relax
(fontspec)             \fontdimen 13\font =0pt\relax }].
(fontspec)              
(fontspec)              This font family consists of the following NFSS
(fontspec)             series/shapes:
(fontspec)              
(fontspec)             - 'normal' (m/n) with NFSS spec.:
(fontspec)             <8.5->s*[0.9998964600422715]"[latinmodern-math.otf]/OT:s
cript=math;language=dflt;"<6-8.5>s*[0.9998964600422715]"[latinmodern-math.otf]/
OT:script=math;language=dflt;+ssty=0;"<-6>s*[0.9998964600422715]"[latinmodern-m
ath.otf]/OT:script=math;language=dflt;+ssty=1;"
(fontspec)             - 'bold' (b/n) with NFSS spec.:
(fontspec)             <->s*[0.9998964600422715]"[latinmodern-math.otf]/OT:scri
pt=math;language=dflt;"

LaTeX Font Info:    Encoding `OMX' has changed to `TU' for symbol font
(Font)              `largesymbols' in the math version `normal' on input line 1
32.
LaTeX Font Info:    Overwriting symbol font `largesymbols' in version `normal'
(Font)                  OMX/lmex/m/n --> TU/latinmodern-math.otf(3)/m/n on inpu
t line 132.
LaTeX Font Info:    Encoding `OMX' has changed to `TU' for symbol font
(Font)              `largesymbols' in the math version `bold' on input line 132
.
LaTeX Font Info:    Overwriting symbol font `largesymbols' in version `bold'
(Font)                  OMX/lmex/m/n --> TU/latinmodern-math.otf(3)/b/n on inpu
t line 132.
LaTeX Info: Redefining \microtypecontext on input line 132.
Package microtype Info: Applying patch `item' on input line 132.
Package microtype Info: Applying patch `toc' on input line 132.
Package microtype Info: Applying patch `eqnum' on input line 132.
Package microtype Info: Applying patch `footnote' on input line 132.
Package microtype Info: Applying patch `verbatim' on input line 132.
Package microtype Info: Character protrusion enabled (level 2).
Package microtype Info: Using protrusion set `basicmath'.
Package microtype Info: No adjustment of tracking.
Package microtype Info: No adjustment of spacing.
Package microtype Info: No adjustment of kerning.
(C:\miktex\tex/latex/microtype\mt-LatinModernRoman.cfg
File: mt-LatinModernRoman.cfg 2021/02/21 v1.1 microtype config. file: Latin Mod
ern Roman (RS)
)
Package hyperref Info: Link coloring OFF on input line 132.
LaTeX Font Info:    Font shape `TU/latinmodern-math.otf(1)/m/n' will be
(Font)              scaled to size 12.0pt on input line 134.
LaTeX Font Info:    Font shape `TU/latinmodern-math.otf(1)/m/n' will be
(Font)              scaled to size 8.0pt on input line 134.
LaTeX Font Info:    Font shape `TU/latinmodern-math.otf(1)/m/n' will be
(Font)              scaled to size 6.0pt on input line 134.
LaTeX Font Info:    Trying to load font information for OML+lmm on input line 1
34.
(C:\miktex\tex/latex/lm\omllmm.fd
File: omllmm.fd 2015/05/01 v1.6.1 Font defs for Latin Modern
)
LaTeX Font Info:    Font shape `TU/latinmodern-math.otf(2)/m/n' will be
(Font)              scaled to size 12.0011pt on input line 134.
LaTeX Font Info:    Font shape `TU/latinmodern-math.otf(2)/m/n' will be
(Font)              scaled to size 8.00073pt on input line 134.
LaTeX Font Info:    Font shape `TU/latinmodern-math.otf(2)/m/n' will be
(Font)              scaled to size 6.00055pt on input line 134.
LaTeX Font Info:    Font shape `TU/latinmodern-math.otf(3)/m/n' will be
(Font)              scaled to size 11.99872pt on input line 134.
LaTeX Font Info:    Font shape `TU/latinmodern-math.otf(3)/m/n' will be
(Font)              scaled to size 7.99915pt on input line 134.
LaTeX Font Info:    Font shape `TU/latinmodern-math.otf(3)/m/n' will be
(Font)              scaled to size 5.99936pt on input line 134.
LaTeX Font Info:    Trying to load font information for U+msa on input line 134
.
(C:\miktex\tex/latex/amsfonts\umsa.fd
File: umsa.fd 2013/01/14 v3.01 AMS symbols A
) (C:\miktex\tex/latex/microtype\mt-msa.cfg
File: mt-msa.cfg 2006/02/04 v1.1 microtype config. file: AMS symbols (a) (RS)
)
LaTeX Font Info:    Trying to load font information for U+msb on input line 134
.
(C:\miktex\tex/latex/amsfonts\umsb.fd
File: umsb.fd 2013/01/14 v3.01 AMS symbols B
) (C:\miktex\tex/latex/microtype\mt-msb.cfg
File: mt-msb.cfg 2005/06/01 v1.0 microtype config. file: AMS symbols (b) (RS)
)

[1


]

[2

] (bookdown-demo.toc
LaTeX Font Info:    Font shape `TU/latinmodern-math.otf(1)/m/n' will be
(Font)              scaled to size 7.0pt on input line 2.
LaTeX Font Info:    Font shape `TU/latinmodern-math.otf(1)/m/n' will be
(Font)              scaled to size 5.0pt on input line 2.
LaTeX Font Info:    Font shape `TU/latinmodern-math.otf(2)/m/n' will be
(Font)              scaled to size 10.00092pt on input line 2.
LaTeX Font Info:    Font shape `TU/latinmodern-math.otf(2)/m/n' will be
(Font)              scaled to size 7.00064pt on input line 2.
LaTeX Font Info:    Font shape `TU/latinmodern-math.otf(2)/m/n' will be
(Font)              scaled to size 5.00046pt on input line 2.
LaTeX Font Info:    Font shape `TU/latinmodern-math.otf(3)/m/n' will be
(Font)              scaled to size 9.99893pt on input line 2.
LaTeX Font Info:    Font shape `TU/latinmodern-math.otf(3)/m/n' will be
(Font)              scaled to size 6.99925pt on input line 2.
LaTeX Font Info:    Font shape `TU/latinmodern-math.otf(3)/m/n' will be
(Font)              scaled to size 4.99947pt on input line 2.


[3]

[4])
\tf@toc=\write4
\openout4 = `bookdown-demo.toc'.



[5]

[6

]

[7]
LaTeX Font Info:    Font shape `TU/lmtt/bx/n' in size <10> not available
(Font)              Font shape `TU/lmtt/b/n' tried instead on input line 203.


[8]

[9]

[10

]
Chapter 1.


[11]

LaTeX Font Warning: Font shape `TU/lmtt/bx/it' in size <10> not available
(Font)              Font shape `TU/lmtt/b/sl' tried instead on input line 290.



[12]

[13]

[14]

[15]

[16]

[17]
Overfull \hbox (69.75pt too wide) in paragraph at lines 661--661
[]\TU/lmtt/m/n/10 ##  [1] -0.03103173 -1.55057488  0.19841228  0.67184306 -3.99
398112  4.87771661[] 
 []



[18]

[19]

[20]

[21]

[22]
Overfull \hbox (0.82602pt too wide) in paragraph at lines 1092--1093
[]\TU/lmr/m/n/10 Alternatively, functions such as \TU/lmtt/m/n/10 is.character(
)\TU/lmr/m/n/10 , \TU/lmtt/m/n/10 is.numeric()\TU/lmr/m/n/10 , \TU/lmtt/m/n/10 
is.logical()
 []


Underfull \hbox (badness 10000) in paragraph at lines 1112--1114

 []



[23]

[24]

[25]

[26]

[27]

[28

]
Chapter 2.


[29]

[30]

[31]

[32]
File: bookdown-demo_files/figure-latex/plot-pressure-1.pdf Graphic file (type p
df)
<use bookdown-demo_files/figure-latex/plot-pressure-1.pdf>


[33]

[34]

[35]

[36

]
Chapter 3.


[37]

[38]

[39]

[40]

[41]

[42]

[43]
Overfull \hbox (27.75pt too wide) in paragraph at lines 2243--2243
[]\TU/lmtt/m/n/10 ## [1] "Factor.Table"   "FiveThree"      "Logical.values" "Da
ysPerWeek"[] 
 []



[44]

[45]

[46]

[47]

[48]

[49]

[50]
Chapter 4.


[51

]

[52]

[53]

[54]

[55]

[56

]
Chapter 5.

Underfull \vbox (badness 10000) has occurred while \output is active []



[57]

[58]

[59]

[60]

[61]

[62]
Chapter 6.

Underfull \vbox (badness 10000) has occurred while \output is active []



[63

]

[64]

[65]

[66]
Overfull \hbox (64.5pt too wide) in paragraph at lines 3382--3382
[]\TU/lmtt/m/n/10 ## [1] -0.28824148  0.56248186  0.02602954  0.30351791  0.294
13886  0.92128312[] 
 []

File: bookdown-demo_files/figure-latex/ch6plot-1.pdf Graphic file (type pdf)
<use bookdown-demo_files/figure-latex/ch6plot-1.pdf>


[67]

[68]

[69]

[70]
Chapter 7.
LaTeX Font Info:    Font shape `TU/lmtt/bx/n' in size <14.4> not available
(Font)              Font shape `TU/lmtt/b/n' tried instead on input line 3581.


[71

]

[72]

[73]

[74]

[75]

[76

]
Chapter 8.


[77]
Overfull \hbox (80.25pt too wide) in paragraph at lines 3863--3863
[]\TU/lmtt/m/n/10 ##   species island    bill_length_mm bill_depth_mm flipper_l
ength_mm body_mass_g[] 
 []


Overfull \hbox (80.25pt too wide) in paragraph at lines 3863--3863
[]\TU/lmtt/m/n/10 ##   <fct>   <fct>              <dbl>         <dbl>          
   <int>       <int>[] 
 []


Overfull \hbox (80.25pt too wide) in paragraph at lines 3863--3863
[]\TU/lmtt/m/n/10 ## 1 Adelie  Torgersen           39.1          18.7          
     181        3750[] 
 []


Overfull \hbox (80.25pt too wide) in paragraph at lines 3863--3863
[]\TU/lmtt/m/n/10 ## 2 Adelie  Torgersen           39.5          17.4          
     186        3800[] 
 []


Overfull \hbox (80.25pt too wide) in paragraph at lines 3863--3863
[]\TU/lmtt/m/n/10 ## 3 Adelie  Torgersen           40.3          18            
     195        3250[] 
 []


Overfull \hbox (80.25pt too wide) in paragraph at lines 3863--3863
[]\TU/lmtt/m/n/10 ## 4 Adelie  Torgersen           NA            NA            
      NA          NA[] 
 []


Overfull \hbox (80.25pt too wide) in paragraph at lines 3863--3863
[]\TU/lmtt/m/n/10 ## 5 Adelie  Torgersen           36.7          19.3          
     193        3450[] 
 []


Overfull \hbox (80.25pt too wide) in paragraph at lines 3863--3863
[]\TU/lmtt/m/n/10 ## 6 Adelie  Torgersen           39.3          20.6          
     190        3650[] 
 []



[78]
Overfull \hbox (106.5pt too wide) in paragraph at lines 3899--3899
[]\TU/lmtt/m/n/10 ## Warning: Removed 2 rows containing missing values or value
s outside the scale range[] 
 []

File: bookdown-demo_files/figure-latex/ch8scatter-plain-1.pdf Graphic file (typ
e pdf)
<use bookdown-demo_files/figure-latex/ch8scatter-plain-1.pdf>


[79]
File: bookdown-demo_files/figure-latex/ch8scatter-color-1.pdf Graphic file (typ
e pdf)
<use bookdown-demo_files/figure-latex/ch8scatter-color-1.pdf>
File: bookdown-demo_files/figure-latex/ch8scatter-color2-1.pdf Graphic file (ty
pe pdf)
<use bookdown-demo_files/figure-latex/ch8scatter-color2-1.pdf>


[80]

[81]
File: bookdown-demo_files/figure-latex/ch8scatter-line-1.pdf Graphic file (type
 pdf)
<use bookdown-demo_files/figure-latex/ch8scatter-line-1.pdf>

LaTeX Warning: Reference `fig:ch8scatter-line' on page 82 undefined on input li
ne 3976.


Underfull \hbox (badness 10000) in paragraph at lines 3975--3977
[][]
 []

File: bookdown-demo_files/figure-latex/ch8scatter-line2-1.pdf Graphic file (typ
e pdf)
<use bookdown-demo_files/figure-latex/ch8scatter-line2-1.pdf>


[82]
File: bookdown-demo_files/figure-latex/ch8scatter-loess-1.pdf Graphic file (typ
e pdf)
<use bookdown-demo_files/figure-latex/ch8scatter-loess-1.pdf>


[83]
File: bookdown-demo_files/figure-latex/ch8scatter-labels-1.pdf Graphic file (ty
pe pdf)
<use bookdown-demo_files/figure-latex/ch8scatter-labels-1.pdf>
File: bookdown-demo_files/figure-latex/ch8scatter-baseR-1.pdf Graphic file (typ
e pdf)
<use bookdown-demo_files/figure-latex/ch8scatter-baseR-1.pdf>
File: bookdown-demo_files/figure-latex/ch8barchart-1.pdf Graphic file (type pdf
)
<use bookdown-demo_files/figure-latex/ch8barchart-1.pdf>


[84]

[85]
File: bookdown-demo_files/figure-latex/ch8barchart2-1.pdf Graphic file (type pd
f)
<use bookdown-demo_files/figure-latex/ch8barchart2-1.pdf>

Underfull \vbox (badness 10000) has occurred while \output is active []



[86]

[87]
File: bookdown-demo_files/figure-latex/ch8barchart-base-1.pdf Graphic file (typ
e pdf)
<use bookdown-demo_files/figure-latex/ch8barchart-base-1.pdf>
File: bookdown-demo_files/figure-latex/ch8boxplot-1.pdf Graphic file (type pdf)

<use bookdown-demo_files/figure-latex/ch8boxplot-1.pdf>


[88]
File: bookdown-demo_files/figure-latex/ch8densplot-1.pdf Graphic file (type pdf
)
<use bookdown-demo_files/figure-latex/ch8densplot-1.pdf>
File: bookdown-demo_files/figure-latex/ch8boxplot-base-1.pdf Graphic file (type
 pdf)
<use bookdown-demo_files/figure-latex/ch8boxplot-base-1.pdf>



Overfull \hbox (84.20233pt too wide) has occurred while \output is active
\TU/lmr/m/sl/10 8.4.  VISUALIZING A QUANTITATIVE VARIABLE ACROSS A CATEGORICAL 
VARIABLE \TU/lmr/m/n/10 89
 []

[89]

[90]
File: bookdown-demo_files/figure-latex/ch8facet-1.pdf Graphic file (type pdf)
<use bookdown-demo_files/figure-latex/ch8facet-1.pdf>

Underfull \vbox (badness 4647) has occurred while \output is active []



[91]
File: bookdown-demo_files/figure-latex/ch8bar1-1.pdf Graphic file (type pdf)
<use bookdown-demo_files/figure-latex/ch8bar1-1.pdf>
File: bookdown-demo_files/figure-latex/ch8barprop-1.pdf Graphic file (type pdf)

<use bookdown-demo_files/figure-latex/ch8barprop-1.pdf>

Underfull \hbox (badness 10000) in paragraph at lines 4257--4259
[][]
 []


Underfull \vbox (badness 3758) has occurred while \output is active []



[92]
File: bookdown-demo_files/figure-latex/ch8order-1.pdf Graphic file (type pdf)
<use bookdown-demo_files/figure-latex/ch8order-1.pdf>

Underfull \hbox (badness 10000) in paragraph at lines 4271--4273
[][]
 []


Underfull \vbox (badness 10000) has occurred while \output is active []



[93]
File: bookdown-demo_files/figure-latex/ch8box1-1.pdf Graphic file (type pdf)
<use bookdown-demo_files/figure-latex/ch8box1-1.pdf>
File: bookdown-demo_files/figure-latex/ch8dens1-1.pdf Graphic file (type pdf)
<use bookdown-demo_files/figure-latex/ch8dens1-1.pdf>


[94]

[95]
File: bookdown-demo_files/figure-latex/ch8sim-1.pdf Graphic file (type pdf)
<use bookdown-demo_files/figure-latex/ch8sim-1.pdf>
File: bookdown-demo_files/figure-latex/ch8sim2-1.pdf Graphic file (type pdf)
<use bookdown-demo_files/figure-latex/ch8sim2-1.pdf>


[96]

[97]

[98

]
Chapter 9.


[99]

[100]
Overfull \hbox (43.5pt too wide) in paragraph at lines 4500--4500
[]\TU/lmtt/m/n/10 ##           1           2           3           4           
5           6[] 
 []


Overfull \hbox (43.5pt too wide) in paragraph at lines 4500--4500
[]\TU/lmtt/m/n/10 ##   4.1627907   5.4023904  -1.1875000  14.7666667   0.972222
2  11.1023490[] 
 []


Overfull \hbox (43.5pt too wide) in paragraph at lines 4500--4500
[]\TU/lmtt/m/n/10 ##           7           8           9          10          1
1          12[] 
 []


Overfull \hbox (43.5pt too wide) in paragraph at lines 4500--4500
[]\TU/lmtt/m/n/10 ##  11.0000000   0.7054010 -10.6473684   1.8080645  -1.776315
8  14.5000000[] 
 []


Overfull \hbox (80.25pt too wide) in paragraph at lines 4535--4535
[]\TU/lmtt/m/n/10 ##     year month   day dep_time sched_dep_time dep_delay arr
_time sched_arr_time[] 
 []


Overfull \hbox (80.25pt too wide) in paragraph at lines 4535--4535
[]\TU/lmtt/m/n/10 ##    <int> <int> <int>    <int>          <int>     <dbl>    
<int>          <int>[] 
 []


Overfull \hbox (80.25pt too wide) in paragraph at lines 4535--4535
[]\TU/lmtt/m/n/10 ##  1  2013     1     1      848           1835       853    
 1001           1950[] 
 []


Overfull \hbox (80.25pt too wide) in paragraph at lines 4535--4535
[]\TU/lmtt/m/n/10 ##  2  2013     1     1      957            733       144    
 1056            853[] 
 []


Overfull \hbox (80.25pt too wide) in paragraph at lines 4535--4535
[]\TU/lmtt/m/n/10 ##  3  2013     1     1     1114            900       134    
 1447           1222[] 
 []


Overfull \hbox (80.25pt too wide) in paragraph at lines 4535--4535
[]\TU/lmtt/m/n/10 ##  4  2013     1     1     1540           1338       122    
 2020           1825[] 
 []


Overfull \hbox (80.25pt too wide) in paragraph at lines 4535--4535
[]\TU/lmtt/m/n/10 ##  5  2013     1     1     1815           1325       290    
 2120           1542[] 
 []


Overfull \hbox (80.25pt too wide) in paragraph at lines 4535--4535
[]\TU/lmtt/m/n/10 ##  6  2013     1     1     1842           1422       260    
 1958           1535[] 
 []


Overfull \hbox (80.25pt too wide) in paragraph at lines 4535--4535
[]\TU/lmtt/m/n/10 ##  7  2013     1     1     1856           1645       131    
 2212           2005[] 
 []


Overfull \hbox (80.25pt too wide) in paragraph at lines 4535--4535
[]\TU/lmtt/m/n/10 ##  8  2013     1     1     1934           1725       129    
 2126           1855[] 
 []


Overfull \hbox (80.25pt too wide) in paragraph at lines 4535--4535
[]\TU/lmtt/m/n/10 ##  9  2013     1     1     1938           1703       155    
 2109           1823[] 
 []


Overfull \hbox (80.25pt too wide) in paragraph at lines 4535--4535
[]\TU/lmtt/m/n/10 ## 10  2013     1     1     1942           1705       157    
 2124           1830[] 
 []


Overfull \hbox (27.75pt too wide) in paragraph at lines 4535--4535
[]\TU/lmtt/m/n/10 ## # i 11 more variables: arr_delay <dbl>, carrier <chr>, fli
ght <int>,[] 
 []


Overfull \hbox (69.75pt too wide) in paragraph at lines 4535--4535
[]\TU/lmtt/m/n/10 ## #   tailnum <chr>, origin <chr>, dest <chr>, air_time <dbl
>, distance <dbl>,[] 
 []



[101]
Overfull \hbox (80.25pt too wide) in paragraph at lines 4564--4564
[]\TU/lmtt/m/n/10 ##     year month   day dep_time sched_dep_time dep_delay arr
_time sched_arr_time[] 
 []


Overfull \hbox (80.25pt too wide) in paragraph at lines 4564--4564
[]\TU/lmtt/m/n/10 ##    <int> <int> <int>    <int>          <int>     <dbl>    
<int>          <int>[] 
 []


Overfull \hbox (80.25pt too wide) in paragraph at lines 4564--4564
[]\TU/lmtt/m/n/10 ##  1  2013     1     1      848           1835       853    
 1001           1950[] 
 []


Overfull \hbox (80.25pt too wide) in paragraph at lines 4564--4564
[]\TU/lmtt/m/n/10 ##  2  2013     1     1      957            733       144    
 1056            853[] 
 []


Overfull \hbox (80.25pt too wide) in paragraph at lines 4564--4564
[]\TU/lmtt/m/n/10 ##  3  2013     1     1     1114            900       134    
 1447           1222[] 
 []


Overfull \hbox (80.25pt too wide) in paragraph at lines 4564--4564
[]\TU/lmtt/m/n/10 ##  4  2013     1     2      126           2250       156    
  233           2359[] 
 []


Overfull \hbox (80.25pt too wide) in paragraph at lines 4564--4564
[]\TU/lmtt/m/n/10 ##  5  2013     1     2      833            558       155    
 1018            727[] 
 []


Overfull \hbox (80.25pt too wide) in paragraph at lines 4564--4564
[]\TU/lmtt/m/n/10 ##  6  2013     1     2      923            624       179    
 1051            758[] 
 []


Overfull \hbox (80.25pt too wide) in paragraph at lines 4564--4564
[]\TU/lmtt/m/n/10 ##  7  2013     1     3       50           2145       185    
  203           2311[] 
 []


Overfull \hbox (80.25pt too wide) in paragraph at lines 4564--4564
[]\TU/lmtt/m/n/10 ##  8  2013     1     3      235           2359       156    
  700            437[] 
 []


Overfull \hbox (80.25pt too wide) in paragraph at lines 4564--4564
[]\TU/lmtt/m/n/10 ##  9  2013     1     3      854            630       144    
 1057            810[] 
 []


Overfull \hbox (80.25pt too wide) in paragraph at lines 4564--4564
[]\TU/lmtt/m/n/10 ## 10  2013     1     3      909            700       129    
 1103            850[] 
 []


Overfull \hbox (27.75pt too wide) in paragraph at lines 4564--4564
[]\TU/lmtt/m/n/10 ## # i 11 more variables: arr_delay <dbl>, carrier <chr>, fli
ght <int>,[] 
 []


Overfull \hbox (69.75pt too wide) in paragraph at lines 4564--4564
[]\TU/lmtt/m/n/10 ## #   tailnum <chr>, origin <chr>, dest <chr>, air_time <dbl
>, distance <dbl>,[] 
 []


Overfull \hbox (80.25pt too wide) in paragraph at lines 4593--4593
[]\TU/lmtt/m/n/10 ##     year month   day dep_time sched_dep_time dep_delay arr
_time sched_arr_time[] 
 []


Overfull \hbox (80.25pt too wide) in paragraph at lines 4593--4593
[]\TU/lmtt/m/n/10 ##    <int> <int> <int>    <int>          <int>     <dbl>    
<int>          <int>[] 
 []


Overfull \hbox (80.25pt too wide) in paragraph at lines 4593--4593
[]\TU/lmtt/m/n/10 ##  1  2013     1     1      517            515         2    
  830            819[] 
 []


Overfull \hbox (80.25pt too wide) in paragraph at lines 4593--4593
[]\TU/lmtt/m/n/10 ##  2  2013     1     1      533            529         4    
  850            830[] 
 []


Overfull \hbox (80.25pt too wide) in paragraph at lines 4593--4593
[]\TU/lmtt/m/n/10 ##  3  2013     1     1      542            540         2    
  923            850[] 
 []


Overfull \hbox (80.25pt too wide) in paragraph at lines 4593--4593
[]\TU/lmtt/m/n/10 ##  4  2013     1     1      544            545        -1    
 1004           1022[] 
 []


Overfull \hbox (80.25pt too wide) in paragraph at lines 4593--4593
[]\TU/lmtt/m/n/10 ##  5  2013     1     1      554            600        -6    
  812            837[] 
 []


Overfull \hbox (80.25pt too wide) in paragraph at lines 4593--4593
[]\TU/lmtt/m/n/10 ##  6  2013     1     1      554            558        -4    
  740            728[] 
 []


Overfull \hbox (80.25pt too wide) in paragraph at lines 4593--4593
[]\TU/lmtt/m/n/10 ##  7  2013     1     1      555            600        -5    
  913            854[] 
 []


Overfull \hbox (80.25pt too wide) in paragraph at lines 4593--4593
[]\TU/lmtt/m/n/10 ##  8  2013     1     1      557            600        -3    
  709            723[] 
 []


Overfull \hbox (80.25pt too wide) in paragraph at lines 4593--4593
[]\TU/lmtt/m/n/10 ##  9  2013     1     1      557            600        -3    
  838            846[] 
 []


Overfull \hbox (80.25pt too wide) in paragraph at lines 4593--4593
[]\TU/lmtt/m/n/10 ## 10  2013     1     1      558            600        -2    
  753            745[] 
 []


Overfull \hbox (27.75pt too wide) in paragraph at lines 4593--4593
[]\TU/lmtt/m/n/10 ## # i 11 more variables: arr_delay <dbl>, carrier <chr>, fli
ght <int>,[] 
 []


Overfull \hbox (69.75pt too wide) in paragraph at lines 4593--4593
[]\TU/lmtt/m/n/10 ## #   tailnum <chr>, origin <chr>, dest <chr>, air_time <dbl
>, distance <dbl>,[] 
 []



[102]
Overfull \hbox (80.25pt too wide) in paragraph at lines 4622--4622
[]\TU/lmtt/m/n/10 ##     year month   day dep_time sched_dep_time dep_delay arr
_time sched_arr_time[] 
 []


Overfull \hbox (80.25pt too wide) in paragraph at lines 4622--4622
[]\TU/lmtt/m/n/10 ##    <int> <int> <int>    <int>          <int>     <dbl>    
<int>          <int>[] 
 []


Overfull \hbox (80.25pt too wide) in paragraph at lines 4622--4622
[]\TU/lmtt/m/n/10 ##  1  2013     1     1      517            515         2    
  830            819[] 
 []


Overfull \hbox (80.25pt too wide) in paragraph at lines 4622--4622
[]\TU/lmtt/m/n/10 ##  2  2013     1     1      533            529         4    
  850            830[] 
 []


Overfull \hbox (80.25pt too wide) in paragraph at lines 4622--4622
[]\TU/lmtt/m/n/10 ##  3  2013     1     1      542            540         2    
  923            850[] 
 []


Overfull \hbox (80.25pt too wide) in paragraph at lines 4622--4622
[]\TU/lmtt/m/n/10 ##  4  2013     1     1      544            545        -1    
 1004           1022[] 
 []


Overfull \hbox (80.25pt too wide) in paragraph at lines 4622--4622
[]\TU/lmtt/m/n/10 ##  5  2013     1     1      554            600        -6    
  812            837[] 
 []


Overfull \hbox (80.25pt too wide) in paragraph at lines 4622--4622
[]\TU/lmtt/m/n/10 ##  6  2013     1     1      554            558        -4    
  740            728[] 
 []


Overfull \hbox (80.25pt too wide) in paragraph at lines 4622--4622
[]\TU/lmtt/m/n/10 ##  7  2013     1     1      555            600        -5    
  913            854[] 
 []


Overfull \hbox (80.25pt too wide) in paragraph at lines 4622--4622
[]\TU/lmtt/m/n/10 ##  8  2013     1     1      557            600        -3    
  709            723[] 
 []


Overfull \hbox (80.25pt too wide) in paragraph at lines 4622--4622
[]\TU/lmtt/m/n/10 ##  9  2013     1     1      557            600        -3    
  838            846[] 
 []


Overfull \hbox (80.25pt too wide) in paragraph at lines 4622--4622
[]\TU/lmtt/m/n/10 ## 10  2013     1     1      558            600        -2    
  753            745[] 
 []


Overfull \hbox (27.75pt too wide) in paragraph at lines 4622--4622
[]\TU/lmtt/m/n/10 ## # i 11 more variables: arr_delay <dbl>, carrier <chr>, fli
ght <int>,[] 
 []


Overfull \hbox (69.75pt too wide) in paragraph at lines 4622--4622
[]\TU/lmtt/m/n/10 ## #   tailnum <chr>, origin <chr>, dest <chr>, air_time <dbl
>, distance <dbl>,[] 
 []


Overfull \hbox (80.25pt too wide) in paragraph at lines 4662--4662
[]\TU/lmtt/m/n/10 ##     year month   day dep_time sched_dep_time dep_delay arr
_time sched_arr_time[] 
 []


Overfull \hbox (80.25pt too wide) in paragraph at lines 4662--4662
[]\TU/lmtt/m/n/10 ##    <int> <int> <int>    <int>          <int>     <dbl>    
<int>          <int>[] 
 []


Overfull \hbox (80.25pt too wide) in paragraph at lines 4662--4662
[]\TU/lmtt/m/n/10 ##  1  2013     1     1      517            515         2    
  830            819[] 
 []


Overfull \hbox (80.25pt too wide) in paragraph at lines 4662--4662
[]\TU/lmtt/m/n/10 ##  2  2013     1     1      533            529         4    
  850            830[] 
 []


Overfull \hbox (80.25pt too wide) in paragraph at lines 4662--4662
[]\TU/lmtt/m/n/10 ##  3  2013     1     1      542            540         2    
  923            850[] 
 []


Overfull \hbox (80.25pt too wide) in paragraph at lines 4662--4662
[]\TU/lmtt/m/n/10 ##  4  2013     1     1      544            545        -1    
 1004           1022[] 
 []


Overfull \hbox (80.25pt too wide) in paragraph at lines 4662--4662
[]\TU/lmtt/m/n/10 ##  5  2013     1     1      554            600        -6    
  812            837[] 
 []


Overfull \hbox (80.25pt too wide) in paragraph at lines 4662--4662
[]\TU/lmtt/m/n/10 ##  6  2013     1     1      554            558        -4    
  740            728[] 
 []


Overfull \hbox (80.25pt too wide) in paragraph at lines 4662--4662
[]\TU/lmtt/m/n/10 ##  7  2013     1     1      555            600        -5    
  913            854[] 
 []



[103]
Overfull \hbox (80.25pt too wide) in paragraph at lines 4662--4662
[]\TU/lmtt/m/n/10 ##  8  2013     1     1      557            600        -3    
  709            723[] 
 []


Overfull \hbox (80.25pt too wide) in paragraph at lines 4662--4662
[]\TU/lmtt/m/n/10 ##  9  2013     1     1      557            600        -3    
  838            846[] 
 []


Overfull \hbox (80.25pt too wide) in paragraph at lines 4662--4662
[]\TU/lmtt/m/n/10 ## 10  2013     1     1      558            600        -2    
  753            745[] 
 []


Overfull \hbox (27.75pt too wide) in paragraph at lines 4662--4662
[]\TU/lmtt/m/n/10 ## # i 11 more variables: arr_delay <dbl>, carrier <chr>, fli
ght <int>,[] 
 []


Overfull \hbox (69.75pt too wide) in paragraph at lines 4662--4662
[]\TU/lmtt/m/n/10 ## #   tailnum <chr>, origin <chr>, dest <chr>, air_time <dbl
>, distance <dbl>,[] 
 []


Overfull \hbox (80.25pt too wide) in paragraph at lines 4691--4691
[]\TU/lmtt/m/n/10 ##     year month   day dep_time sched_dep_time dep_delay arr
_time sched_arr_time[] 
 []


Overfull \hbox (80.25pt too wide) in paragraph at lines 4691--4691
[]\TU/lmtt/m/n/10 ##    <int> <int> <int>    <int>          <int>     <dbl>    
<int>          <int>[] 
 []


Overfull \hbox (80.25pt too wide) in paragraph at lines 4691--4691
[]\TU/lmtt/m/n/10 ##  1  2013     1     1     2356           2359        -3    
  425            437[] 
 []


Overfull \hbox (80.25pt too wide) in paragraph at lines 4691--4691
[]\TU/lmtt/m/n/10 ##  2  2013     1     1     2353           2359        -6    
  425            445[] 
 []


Overfull \hbox (80.25pt too wide) in paragraph at lines 4691--4691
[]\TU/lmtt/m/n/10 ##  3  2013     1     1     2353           2359        -6    
  418            442[] 
 []


Overfull \hbox (80.25pt too wide) in paragraph at lines 4691--4691
[]\TU/lmtt/m/n/10 ##  4  2013     1     1     2343           1724       379    
  314           1938[] 
 []


Overfull \hbox (80.25pt too wide) in paragraph at lines 4691--4691
[]\TU/lmtt/m/n/10 ##  5  2013     1     1     2327           2250        37    
   32           2359[] 
 []


Overfull \hbox (80.25pt too wide) in paragraph at lines 4691--4691
[]\TU/lmtt/m/n/10 ##  6  2013     1     1     2326           2130       116    
  131             18[] 
 []


Overfull \hbox (80.25pt too wide) in paragraph at lines 4691--4691
[]\TU/lmtt/m/n/10 ##  7  2013     1     1     2323           2200        83    
   22           2313[] 
 []


Overfull \hbox (80.25pt too wide) in paragraph at lines 4691--4691
[]\TU/lmtt/m/n/10 ##  8  2013     1     1     2312           2000       192    
   21           2110[] 
 []


Overfull \hbox (80.25pt too wide) in paragraph at lines 4691--4691
[]\TU/lmtt/m/n/10 ##  9  2013     1     1     2310           2255        15    
   24             15[] 
 []


Overfull \hbox (80.25pt too wide) in paragraph at lines 4691--4691
[]\TU/lmtt/m/n/10 ## 10  2013     1     1     2307           2245        22    
   32           2357[] 
 []


Overfull \hbox (27.75pt too wide) in paragraph at lines 4691--4691
[]\TU/lmtt/m/n/10 ## # i 11 more variables: arr_delay <dbl>, carrier <chr>, fli
ght <int>,[] 
 []


Overfull \hbox (69.75pt too wide) in paragraph at lines 4691--4691
[]\TU/lmtt/m/n/10 ## #   tailnum <chr>, origin <chr>, dest <chr>, air_time <dbl
>, distance <dbl>,[] 
 []



[104]
Overfull \hbox (80.25pt too wide) in paragraph at lines 4770--4770
[]\TU/lmtt/m/n/10 ##     year month   day dep_time sched_dep_time dep_delay arr
_time sched_arr_time[] 
 []


Overfull \hbox (80.25pt too wide) in paragraph at lines 4770--4770
[]\TU/lmtt/m/n/10 ##    <int> <int> <int>    <int>          <int>     <dbl>    
<int>          <int>[] 
 []


Overfull \hbox (80.25pt too wide) in paragraph at lines 4770--4770
[]\TU/lmtt/m/n/10 ##  1  2013     1     1      517            515         2    
  830            819[] 
 []


Overfull \hbox (80.25pt too wide) in paragraph at lines 4770--4770
[]\TU/lmtt/m/n/10 ##  2  2013     1     1      533            529         4    
  850            830[] 
 []


Overfull \hbox (80.25pt too wide) in paragraph at lines 4770--4770
[]\TU/lmtt/m/n/10 ##  3  2013     1     1      542            540         2    
  923            850[] 
 []


Overfull \hbox (80.25pt too wide) in paragraph at lines 4770--4770
[]\TU/lmtt/m/n/10 ##  4  2013     1     1      544            545        -1    
 1004           1022[] 
 []


Overfull \hbox (80.25pt too wide) in paragraph at lines 4770--4770
[]\TU/lmtt/m/n/10 ##  5  2013     1     1      554            600        -6    
  812            837[] 
 []


Overfull \hbox (80.25pt too wide) in paragraph at lines 4770--4770
[]\TU/lmtt/m/n/10 ##  6  2013     1     1      554            558        -4    
  740            728[] 
 []


Overfull \hbox (80.25pt too wide) in paragraph at lines 4770--4770
[]\TU/lmtt/m/n/10 ##  7  2013     1     1      555            600        -5    
  913            854[] 
 []


Overfull \hbox (80.25pt too wide) in paragraph at lines 4770--4770
[]\TU/lmtt/m/n/10 ##  8  2013     1     1      557            600        -3    
  709            723[] 
 []


Overfull \hbox (80.25pt too wide) in paragraph at lines 4770--4770
[]\TU/lmtt/m/n/10 ##  9  2013     1     1      557            600        -3    
  838            846[] 
 []


Overfull \hbox (80.25pt too wide) in paragraph at lines 4770--4770
[]\TU/lmtt/m/n/10 ## 10  2013     1     1      558            600        -2    
  753            745[] 
 []


Overfull \hbox (27.75pt too wide) in paragraph at lines 4770--4770
[]\TU/lmtt/m/n/10 ## # i 12 more variables: arr_delay <dbl>, carrier <chr>, fli
ght <int>,[] 
 []


Overfull \hbox (69.75pt too wide) in paragraph at lines 4770--4770
[]\TU/lmtt/m/n/10 ## #   tailnum <chr>, origin <chr>, dest <chr>, air_time <dbl
>, distance <dbl>,[] 
 []



[105]
Overfull \hbox (33.0pt too wide) in paragraph at lines 4802--4802
[]\TU/lmtt/m/n/10 ##    speed  year month   day dep_time sched_dep_time dep_del
ay arr_time[] 
 []


Overfull \hbox (33.0pt too wide) in paragraph at lines 4802--4802
[]\TU/lmtt/m/n/10 ##    <dbl> <int> <int> <int>    <int>          <int>     <db
l>    <int>[] 
 []


Overfull \hbox (33.0pt too wide) in paragraph at lines 4802--4802
[]\TU/lmtt/m/n/10 ##  1  370.  2013     1     1      517            515        
 2      830[] 
 []


Overfull \hbox (33.0pt too wide) in paragraph at lines 4802--4802
[]\TU/lmtt/m/n/10 ##  2  374.  2013     1     1      533            529        
 4      850[] 
 []


Overfull \hbox (33.0pt too wide) in paragraph at lines 4802--4802
[]\TU/lmtt/m/n/10 ##  3  408.  2013     1     1      542            540        
 2      923[] 
 []


Overfull \hbox (33.0pt too wide) in paragraph at lines 4802--4802
[]\TU/lmtt/m/n/10 ##  4  517.  2013     1     1      544            545        
-1     1004[] 
 []


Overfull \hbox (33.0pt too wide) in paragraph at lines 4802--4802
[]\TU/lmtt/m/n/10 ##  5  394.  2013     1     1      554            600        
-6      812[] 
 []


Overfull \hbox (33.0pt too wide) in paragraph at lines 4802--4802
[]\TU/lmtt/m/n/10 ##  6  288.  2013     1     1      554            558        
-4      740[] 
 []


Overfull \hbox (33.0pt too wide) in paragraph at lines 4802--4802
[]\TU/lmtt/m/n/10 ##  7  404.  2013     1     1      555            600        
-5      913[] 
 []


Overfull \hbox (33.0pt too wide) in paragraph at lines 4802--4802
[]\TU/lmtt/m/n/10 ##  8  259.  2013     1     1      557            600        
-3      709[] 
 []


Overfull \hbox (33.0pt too wide) in paragraph at lines 4802--4802
[]\TU/lmtt/m/n/10 ##  9  405.  2013     1     1      557            600        
-3      838[] 
 []


Overfull \hbox (33.0pt too wide) in paragraph at lines 4802--4802
[]\TU/lmtt/m/n/10 ## 10  319.  2013     1     1      558            600        
-2      753[] 
 []


Overfull \hbox (69.75pt too wide) in paragraph at lines 4802--4802
[]\TU/lmtt/m/n/10 ## # i 12 more variables: sched_arr_time <int>, arr_delay <db
l>, carrier <chr>,[] 
 []


Overfull \hbox (59.25pt too wide) in paragraph at lines 4802--4802
[]\TU/lmtt/m/n/10 ## #   flight <int>, tailnum <chr>, origin <chr>, dest <chr>,
 air_time <dbl>,[] 
 []


Overfull \hbox (33.0pt too wide) in paragraph at lines 4834--4834
[]\TU/lmtt/m/n/10 ##     year speed month   day dep_time sched_dep_time dep_del
ay arr_time[] 
 []


Overfull \hbox (33.0pt too wide) in paragraph at lines 4834--4834
[]\TU/lmtt/m/n/10 ##    <int> <dbl> <int> <int>    <int>          <int>     <db
l>    <int>[] 
 []


Overfull \hbox (33.0pt too wide) in paragraph at lines 4834--4834
[]\TU/lmtt/m/n/10 ##  1  2013  370.     1     1      517            515        
 2      830[] 
 []


Overfull \hbox (33.0pt too wide) in paragraph at lines 4834--4834
[]\TU/lmtt/m/n/10 ##  2  2013  374.     1     1      533            529        
 4      850[] 
 []


Overfull \hbox (33.0pt too wide) in paragraph at lines 4834--4834
[]\TU/lmtt/m/n/10 ##  3  2013  408.     1     1      542            540        
 2      923[] 
 []


Overfull \hbox (33.0pt too wide) in paragraph at lines 4834--4834
[]\TU/lmtt/m/n/10 ##  4  2013  517.     1     1      544            545        
-1     1004[] 
 []


Overfull \hbox (33.0pt too wide) in paragraph at lines 4834--4834
[]\TU/lmtt/m/n/10 ##  5  2013  394.     1     1      554            600        
-6      812[] 
 []


Overfull \hbox (33.0pt too wide) in paragraph at lines 4834--4834
[]\TU/lmtt/m/n/10 ##  6  2013  288.     1     1      554            558        
-4      740[] 
 []


Overfull \hbox (33.0pt too wide) in paragraph at lines 4834--4834
[]\TU/lmtt/m/n/10 ##  7  2013  404.     1     1      555            600        
-5      913[] 
 []


Overfull \hbox (33.0pt too wide) in paragraph at lines 4834--4834
[]\TU/lmtt/m/n/10 ##  8  2013  259.     1     1      557            600        
-3      709[] 
 []


Overfull \hbox (33.0pt too wide) in paragraph at lines 4834--4834
[]\TU/lmtt/m/n/10 ##  9  2013  405.     1     1      557            600        
-3      838[] 
 []


Overfull \hbox (33.0pt too wide) in paragraph at lines 4834--4834
[]\TU/lmtt/m/n/10 ## 10  2013  319.     1     1      558            600        
-2      753[] 
 []


Overfull \hbox (69.75pt too wide) in paragraph at lines 4834--4834
[]\TU/lmtt/m/n/10 ## # i 12 more variables: sched_arr_time <int>, arr_delay <db
l>, carrier <chr>,[] 
 []


Overfull \hbox (59.25pt too wide) in paragraph at lines 4834--4834
[]\TU/lmtt/m/n/10 ## #   flight <int>, tailnum <chr>, origin <chr>, dest <chr>,
 air_time <dbl>,[] 
 []



[106]

[107]
Overfull \hbox (75.0pt too wide) in paragraph at lines 4964--4964
[]\TU/lmtt/m/n/10 ##     year month   day depTime sched_dep_time dep_delay arr_
time sched_arr_time[] 
 []


Overfull \hbox (75.0pt too wide) in paragraph at lines 4964--4964
[]\TU/lmtt/m/n/10 ##    <int> <int> <int>   <int>          <int>     <dbl>    <
int>          <int>[] 
 []


Overfull \hbox (75.0pt too wide) in paragraph at lines 4964--4964
[]\TU/lmtt/m/n/10 ##  1  2013     1     1     517            515         2     
 830            819[] 
 []


Overfull \hbox (75.0pt too wide) in paragraph at lines 4964--4964
[]\TU/lmtt/m/n/10 ##  2  2013     1     1     533            529         4     
 850            830[] 
 []


Overfull \hbox (75.0pt too wide) in paragraph at lines 4964--4964
[]\TU/lmtt/m/n/10 ##  3  2013     1     1     542            540         2     
 923            850[] 
 []


Overfull \hbox (75.0pt too wide) in paragraph at lines 4964--4964
[]\TU/lmtt/m/n/10 ##  4  2013     1     1     544            545        -1     
1004           1022[] 
 []


Overfull \hbox (75.0pt too wide) in paragraph at lines 4964--4964
[]\TU/lmtt/m/n/10 ##  5  2013     1     1     554            600        -6     
 812            837[] 
 []


Overfull \hbox (75.0pt too wide) in paragraph at lines 4964--4964
[]\TU/lmtt/m/n/10 ##  6  2013     1     1     554            558        -4     
 740            728[] 
 []



[108]
Overfull \hbox (75.0pt too wide) in paragraph at lines 4964--4964
[]\TU/lmtt/m/n/10 ##  7  2013     1     1     555            600        -5     
 913            854[] 
 []


Overfull \hbox (75.0pt too wide) in paragraph at lines 4964--4964
[]\TU/lmtt/m/n/10 ##  8  2013     1     1     557            600        -3     
 709            723[] 
 []


Overfull \hbox (75.0pt too wide) in paragraph at lines 4964--4964
[]\TU/lmtt/m/n/10 ##  9  2013     1     1     557            600        -3     
 838            846[] 
 []


Overfull \hbox (75.0pt too wide) in paragraph at lines 4964--4964
[]\TU/lmtt/m/n/10 ## 10  2013     1     1     558            600        -2     
 753            745[] 
 []


Overfull \hbox (27.75pt too wide) in paragraph at lines 4964--4964
[]\TU/lmtt/m/n/10 ## # i 11 more variables: arr_delay <dbl>, carrier <chr>, fli
ght <int>,[] 
 []


Overfull \hbox (69.75pt too wide) in paragraph at lines 4964--4964
[]\TU/lmtt/m/n/10 ## #   tailnum <chr>, origin <chr>, dest <chr>, air_time <dbl
>, distance <dbl>,[] 
 []


Overfull \hbox (54.0pt too wide) in paragraph at lines 4995--4995
[]\TU/lmtt/m/n/10 ##    time_hour           air_time  year month   day dep_time
 sched_dep_time[] 
 []


Overfull \hbox (54.0pt too wide) in paragraph at lines 4995--4995
[]\TU/lmtt/m/n/10 ##    <dttm>                 <dbl> <int> <int> <int>    <int>
          <int>[] 
 []


Overfull \hbox (54.0pt too wide) in paragraph at lines 4995--4995
[]\TU/lmtt/m/n/10 ##  1 2013-01-01 05:00:00      227  2013     1     1      517
            515[] 
 []


Overfull \hbox (54.0pt too wide) in paragraph at lines 4995--4995
[]\TU/lmtt/m/n/10 ##  2 2013-01-01 05:00:00      227  2013     1     1      533
            529[] 
 []


Overfull \hbox (54.0pt too wide) in paragraph at lines 4995--4995
[]\TU/lmtt/m/n/10 ##  3 2013-01-01 05:00:00      160  2013     1     1      542
            540[] 
 []


Overfull \hbox (54.0pt too wide) in paragraph at lines 4995--4995
[]\TU/lmtt/m/n/10 ##  4 2013-01-01 05:00:00      183  2013     1     1      544
            545[] 
 []


Overfull \hbox (54.0pt too wide) in paragraph at lines 4995--4995
[]\TU/lmtt/m/n/10 ##  5 2013-01-01 06:00:00      116  2013     1     1      554
            600[] 
 []


Overfull \hbox (54.0pt too wide) in paragraph at lines 4995--4995
[]\TU/lmtt/m/n/10 ##  6 2013-01-01 05:00:00      150  2013     1     1      554
            558[] 
 []


Overfull \hbox (54.0pt too wide) in paragraph at lines 4995--4995
[]\TU/lmtt/m/n/10 ##  7 2013-01-01 06:00:00      158  2013     1     1      555
            600[] 
 []


Overfull \hbox (54.0pt too wide) in paragraph at lines 4995--4995
[]\TU/lmtt/m/n/10 ##  8 2013-01-01 06:00:00       53  2013     1     1      557
            600[] 
 []


Overfull \hbox (54.0pt too wide) in paragraph at lines 4995--4995
[]\TU/lmtt/m/n/10 ##  9 2013-01-01 06:00:00      140  2013     1     1      557
            600[] 
 []


Overfull \hbox (54.0pt too wide) in paragraph at lines 4995--4995
[]\TU/lmtt/m/n/10 ## 10 2013-01-01 06:00:00      138  2013     1     1      558
            600[] 
 []


Overfull \hbox (75.0pt too wide) in paragraph at lines 4995--4995
[]\TU/lmtt/m/n/10 ## # i 12 more variables: dep_delay <dbl>, arr_time <int>, sc
hed_arr_time <int>,[] 
 []


Overfull \hbox (80.25pt too wide) in paragraph at lines 4995--4995
[]\TU/lmtt/m/n/10 ## #   arr_delay <dbl>, carrier <chr>, flight <int>, tailnum 
<chr>, origin <chr>,[] 
 []


Overfull \hbox (54.0pt too wide) in paragraph at lines 5024--5024
[]\TU/lmtt/m/n/10 ##     year month   day time_hour           air_time dep_time
 sched_dep_time[] 
 []


Overfull \hbox (54.0pt too wide) in paragraph at lines 5024--5024
[]\TU/lmtt/m/n/10 ##    <int> <int> <int> <dttm>                 <dbl>    <int>
          <int>[] 
 []


Overfull \hbox (54.0pt too wide) in paragraph at lines 5024--5024
[]\TU/lmtt/m/n/10 ##  1  2013     1     1 2013-01-01 05:00:00      227      517
            515[] 
 []


Overfull \hbox (54.0pt too wide) in paragraph at lines 5024--5024
[]\TU/lmtt/m/n/10 ##  2  2013     1     1 2013-01-01 05:00:00      227      533
            529[] 
 []


Overfull \hbox (54.0pt too wide) in paragraph at lines 5024--5024
[]\TU/lmtt/m/n/10 ##  3  2013     1     1 2013-01-01 05:00:00      160      542
            540[] 
 []


Overfull \hbox (54.0pt too wide) in paragraph at lines 5024--5024
[]\TU/lmtt/m/n/10 ##  4  2013     1     1 2013-01-01 05:00:00      183      544
            545[] 
 []



[109]
Overfull \hbox (54.0pt too wide) in paragraph at lines 5024--5024
[]\TU/lmtt/m/n/10 ##  5  2013     1     1 2013-01-01 06:00:00      116      554
            600[] 
 []


Overfull \hbox (54.0pt too wide) in paragraph at lines 5024--5024
[]\TU/lmtt/m/n/10 ##  6  2013     1     1 2013-01-01 05:00:00      150      554
            558[] 
 []


Overfull \hbox (54.0pt too wide) in paragraph at lines 5024--5024
[]\TU/lmtt/m/n/10 ##  7  2013     1     1 2013-01-01 06:00:00      158      555
            600[] 
 []


Overfull \hbox (54.0pt too wide) in paragraph at lines 5024--5024
[]\TU/lmtt/m/n/10 ##  8  2013     1     1 2013-01-01 06:00:00       53      557
            600[] 
 []


Overfull \hbox (54.0pt too wide) in paragraph at lines 5024--5024
[]\TU/lmtt/m/n/10 ##  9  2013     1     1 2013-01-01 06:00:00      140      557
            600[] 
 []


Overfull \hbox (54.0pt too wide) in paragraph at lines 5024--5024
[]\TU/lmtt/m/n/10 ## 10  2013     1     1 2013-01-01 06:00:00      138      558
            600[] 
 []


Overfull \hbox (75.0pt too wide) in paragraph at lines 5024--5024
[]\TU/lmtt/m/n/10 ## # i 12 more variables: dep_delay <dbl>, arr_time <int>, sc
hed_arr_time <int>,[] 
 []


Overfull \hbox (80.25pt too wide) in paragraph at lines 5024--5024
[]\TU/lmtt/m/n/10 ## #   arr_delay <dbl>, carrier <chr>, flight <int>, tailnum 
<chr>, origin <chr>,[] 
 []



[110]

[111]
Overfull \hbox (48.75pt too wide) in paragraph at lines 5171--5171
[]\TU/lmtt/m/n/10 ## []summarise()[] has grouped output by []origin[]. You can 
override using the[] 
 []



[112]
Overfull \hbox (33.0pt too wide) in paragraph at lines 5241--5241
[]\TU/lmtt/m/n/10 ##    dest   year month   day dep_time sched_dep_time dep_del
ay arr_time[] 
 []


Overfull \hbox (33.0pt too wide) in paragraph at lines 5241--5241
[]\TU/lmtt/m/n/10 ##    <chr> <int> <int> <int>    <int>          <int>     <db
l>    <int>[] 
 []


Overfull \hbox (33.0pt too wide) in paragraph at lines 5241--5241
[]\TU/lmtt/m/n/10 ##  1 ABQ    2013     7    22     2145           2007        
98      132[] 
 []


Overfull \hbox (33.0pt too wide) in paragraph at lines 5241--5241
[]\TU/lmtt/m/n/10 ##  2 ACK    2013     7    23     1139            800       2
19     1250[] 
 []


Overfull \hbox (33.0pt too wide) in paragraph at lines 5241--5241
[]\TU/lmtt/m/n/10 ##  3 ALB    2013     1    25      123           2000       3
23      229[] 
 []


Overfull \hbox (33.0pt too wide) in paragraph at lines 5241--5241
[]\TU/lmtt/m/n/10 ##  4 ANC    2013     8    17     1740           1625        
75     2042[] 
 []


Overfull \hbox (33.0pt too wide) in paragraph at lines 5241--5241
[]\TU/lmtt/m/n/10 ##  5 ATL    2013     7    22     2257            759       8
98      121[] 
 []


Overfull \hbox (33.0pt too wide) in paragraph at lines 5241--5241
[]\TU/lmtt/m/n/10 ##  6 AUS    2013     7    10     2056           1505       3
51     2347[] 
 []


Overfull \hbox (33.0pt too wide) in paragraph at lines 5241--5241
[]\TU/lmtt/m/n/10 ##  7 AVL    2013     8    13     1156            832       2
04     1417[] 
 []


Overfull \hbox (33.0pt too wide) in paragraph at lines 5241--5241
[]\TU/lmtt/m/n/10 ##  8 BDL    2013     2    21     1728           1316       2
52     1839[] 
 []


Overfull \hbox (33.0pt too wide) in paragraph at lines 5241--5241
[]\TU/lmtt/m/n/10 ##  9 BGR    2013    12     1     1504           1056       2
48     1628[] 
 []


Overfull \hbox (33.0pt too wide) in paragraph at lines 5241--5241
[]\TU/lmtt/m/n/10 ## 10 BHM    2013     4    10       25           1900       3
25      136[] 
 []



[113]
Overfull \hbox (69.75pt too wide) in paragraph at lines 5241--5241
[]\TU/lmtt/m/n/10 ## # i 11 more variables: sched_arr_time <int>, arr_delay <db
l>, carrier <chr>,[] 
 []


Overfull \hbox (80.25pt too wide) in paragraph at lines 5241--5241
[]\TU/lmtt/m/n/10 ## #   flight <int>, tailnum <chr>, origin <chr>, air_time <d
bl>, distance <dbl>,[] 
 []



[114]
Chapter 10.


[115

]
File: bookdown-demo_files/figure-latex/ch10hist-1.pdf Graphic file (type pdf)
<use bookdown-demo_files/figure-latex/ch10hist-1.pdf>



Overfull \hbox (4.29454pt too wide) has occurred while \output is active
\TU/lmr/m/n/10 116 \TU/lmr/m/sl/10 CHAPTER 10.  EXPLORATORY DATA ANALYSIS AND T
IDYING DATA
 []

[116]
File: bookdown-demo_files/figure-latex/ch10hist-small-1.pdf Graphic file (type 
pdf)
<use bookdown-demo_files/figure-latex/ch10hist-small-1.pdf>


[117]
File: bookdown-demo_files/figure-latex/ch10hist-width-1.pdf Graphic file (type 
pdf)
<use bookdown-demo_files/figure-latex/ch10hist-width-1.pdf>



Overfull \hbox (4.29454pt too wide) has occurred while \output is active
\TU/lmr/m/n/10 118 \TU/lmr/m/sl/10 CHAPTER 10.  EXPLORATORY DATA ANALYSIS AND T
IDYING DATA
 []

[118]
File: bookdown-demo_files/figure-latex/ch10zoom-1.pdf Graphic file (type pdf)
<use bookdown-demo_files/figure-latex/ch10zoom-1.pdf>

Overfull \hbox (27.75pt too wide) in paragraph at lines 5424--5424
[]\TU/lmtt/m/n/10 ##        y carat cut       color clarity depth table price  
   x     z[] 
 []


Overfull \hbox (27.75pt too wide) in paragraph at lines 5424--5424
[]\TU/lmtt/m/n/10 ##    <dbl> <dbl> <ord>     <ord> <ord>   <dbl> <dbl> <int> <
dbl> <dbl>[] 
 []


Overfull \hbox (12.0pt too wide) in paragraph at lines 5424--5424
[]\TU/lmtt/m/n/10 ##  1  0     1    Very Good H     VS2      63.3    53  5139  
0     0[] 
 []


Overfull \hbox (12.0pt too wide) in paragraph at lines 5424--5424
[]\TU/lmtt/m/n/10 ##  2  0     1.14 Fair      G     VS1      57.5    67  6381  
0     0[] 
 []


Overfull \hbox (12.0pt too wide) in paragraph at lines 5424--5424
[]\TU/lmtt/m/n/10 ##  3  0     1.56 Ideal     G     VS2      62.2    54 12800  
0     0[] 
 []


Overfull \hbox (12.0pt too wide) in paragraph at lines 5424--5424
[]\TU/lmtt/m/n/10 ##  4  0     1.2  Premium   D     VVS1     62.1    59 15686  
0     0[] 
 []


Overfull \hbox (12.0pt too wide) in paragraph at lines 5424--5424
[]\TU/lmtt/m/n/10 ##  5  0     2.25 Premium   H     SI2      62.8    59 18034  
0     0[] 
 []



[119]
Overfull \hbox (12.0pt too wide) in paragraph at lines 5424--5424
[]\TU/lmtt/m/n/10 ##  6  0     0.71 Good      F     SI2      64.1    60  2130  
0     0[] 
 []


Overfull \hbox (12.0pt too wide) in paragraph at lines 5424--5424
[]\TU/lmtt/m/n/10 ##  7  0     0.71 Good      F     SI2      64.1    60  2130  
0     0[] 
 []


Overfull \hbox (27.75pt too wide) in paragraph at lines 5424--5424
[]\TU/lmtt/m/n/10 ##  8  3.68  0.2  Premium   D     VS2      62.3    60   367  
3.73  2.31[] 
 []


Overfull \hbox (27.75pt too wide) in paragraph at lines 5424--5424
[]\TU/lmtt/m/n/10 ##  9  3.71  0.2  Premium   F     VS2      62.6    59   367  
3.73  2.33[] 
 []


Overfull \hbox (27.75pt too wide) in paragraph at lines 5424--5424
[]\TU/lmtt/m/n/10 ## 10  3.71  0.2  Very Good E     VS2      63.4    59   367  
3.74  2.36[] 
 []




Overfull \hbox (4.29454pt too wide) has occurred while \output is active
\TU/lmr/m/n/10 120 \TU/lmr/m/sl/10 CHAPTER 10.  EXPLORATORY DATA ANALYSIS AND T
IDYING DATA
 []

[120]
Overfull \hbox (27.75pt too wide) in paragraph at lines 5466--5466
[]\TU/lmtt/m/n/10 ##        x     y     z price carat cut       color clarity d
epth table[] 
 []


Overfull \hbox (27.75pt too wide) in paragraph at lines 5466--5466
[]\TU/lmtt/m/n/10 ##    <dbl> <dbl> <dbl> <int> <dbl> <ord>     <ord> <ord>   <
dbl> <dbl>[] 
 []


Overfull \hbox (27.75pt too wide) in paragraph at lines 5466--5466
[]\TU/lmtt/m/n/10 ##  1  8.09 58.9   8.06 12210  2    Premium   H     SI2      
58.9    57[] 
 []


Overfull \hbox (27.75pt too wide) in paragraph at lines 5466--5466
[]\TU/lmtt/m/n/10 ##  2  5.15 31.8   5.12  2075  0.51 Ideal     E     VS1      
61.8    55[] 
 []


Overfull \hbox (27.75pt too wide) in paragraph at lines 5466--5466
[]\TU/lmtt/m/n/10 ##  3 10.7  10.5   6.98 18018  5.01 Fair      J     I1       
65.5    59[] 
 []


Overfull \hbox (27.75pt too wide) in paragraph at lines 5466--5466
[]\TU/lmtt/m/n/10 ##  4 10.2  10.2   6.72 18531  4.5  Fair      J     I1       
65.8    58[] 
 []


Overfull \hbox (27.75pt too wide) in paragraph at lines 5466--5466
[]\TU/lmtt/m/n/10 ##  5 10.1  10.1   6.17 15223  4.01 Premium   I     I1       
61      61[] 
 []


Overfull \hbox (27.75pt too wide) in paragraph at lines 5466--5466
[]\TU/lmtt/m/n/10 ##  6 10.0   9.94  6.24 15223  4.01 Premium   J     I1       
62.5    62[] 
 []


Overfull \hbox (27.75pt too wide) in paragraph at lines 5466--5466
[]\TU/lmtt/m/n/10 ##  7 10.0   9.94  6.31 15984  4    Very Good I     I1       
63.3    58[] 
 []


Overfull \hbox (27.75pt too wide) in paragraph at lines 5466--5466
[]\TU/lmtt/m/n/10 ##  8 10     9.85  6.43 17329  4.13 Fair      H     I1       
64.8    61[] 
 []


Overfull \hbox (27.75pt too wide) in paragraph at lines 5466--5466
[]\TU/lmtt/m/n/10 ##  9  9.86  9.81  6.13 16193  3.67 Premium   I     I1       
62.4    56[] 
 []


Overfull \hbox (27.75pt too wide) in paragraph at lines 5466--5466
[]\TU/lmtt/m/n/10 ## 10  9.66  9.63  6.03 18701  3.51 Premium   J     VS2      
62.5    59[] 
 []



[121]
File: bookdown-demo_files/figure-latex/ch10dens-cut-1.pdf Graphic file (type pd
f)
<use bookdown-demo_files/figure-latex/ch10dens-cut-1.pdf>



Overfull \hbox (4.29454pt too wide) has occurred while \output is active
\TU/lmr/m/n/10 122 \TU/lmr/m/sl/10 CHAPTER 10.  EXPLORATORY DATA ANALYSIS AND T
IDYING DATA
 []

[122]
File: bookdown-demo_files/figure-latex/ch10box-cut-1.pdf Graphic file (type pdf
)
<use bookdown-demo_files/figure-latex/ch10box-cut-1.pdf>

LaTeX Warning: Reference `fig:ch10box-cut' on page 123 undefined on input line 
5531.


Underfull \hbox (badness 10000) in paragraph at lines 5530--5532
[][]
 []


Overfull \vbox (0.57402pt too high) detected at line 5555
 []



[123]
File: bookdown-demo_files/figure-latex/ch10dens-log-1.pdf Graphic file (type pd
f)
<use bookdown-demo_files/figure-latex/ch10dens-log-1.pdf>
File: bookdown-demo_files/figure-latex/ch10box-log-1.pdf Graphic file (type pdf
)
<use bookdown-demo_files/figure-latex/ch10box-log-1.pdf>

LaTeX Warning: Reference `fig:ch10box-log' on page 124 undefined on input line 
5576.


Underfull \hbox (badness 10000) in paragraph at lines 5575--5577
[][]
 []


Underfull \vbox (badness 10000) has occurred while \output is active []




Overfull \hbox (4.29454pt too wide) has occurred while \output is active
\TU/lmr/m/n/10 124 \TU/lmr/m/sl/10 CHAPTER 10.  EXPLORATORY DATA ANALYSIS AND T
IDYING DATA
 []

[124]
File: bookdown-demo_files/figure-latex/ch10counts-1.pdf Graphic file (type pdf)

<use bookdown-demo_files/figure-latex/ch10counts-1.pdf>

LaTeX Warning: Reference `fig:ch10counts' on page 125 undefined on input line 5
590.


Underfull \hbox (badness 10000) in paragraph at lines 5589--5591
[][]
 []


Underfull \vbox (badness 10000) has occurred while \output is active []



[125]
File: bookdown-demo_files/figure-latex/ch10bar-1.pdf Graphic file (type pdf)
<use bookdown-demo_files/figure-latex/ch10bar-1.pdf>

LaTeX Warning: Reference `fig:ch10bar' on page 126 undefined on input line 5601
.


Underfull \hbox (badness 10000) in paragraph at lines 5600--5602
[][]
 []


Underfull \vbox (badness 10000) has occurred while \output is active []




Overfull \hbox (4.29454pt too wide) has occurred while \output is active
\TU/lmr/m/n/10 126 \TU/lmr/m/sl/10 CHAPTER 10.  EXPLORATORY DATA ANALYSIS AND T
IDYING DATA
 []

[126]

[127]
File: bookdown-demo_files/figure-latex/ch10scatter-1.pdf Graphic file (type pdf
)
<use bookdown-demo_files/figure-latex/ch10scatter-1.pdf>



Overfull \hbox (4.29454pt too wide) has occurred while \output is active
\TU/lmr/m/n/10 128 \TU/lmr/m/sl/10 CHAPTER 10.  EXPLORATORY DATA ANALYSIS AND T
IDYING DATA
 []

[128]
Overfull \hbox (106.5pt too wide) in paragraph at lines 5682--5682
[]\TU/lmtt/m/n/10 ## Warning: Orientation is not uniquely specified when both t
he x and y aesthetics are[] 
 []

File: bookdown-demo_files/figure-latex/ch10scatter2-1.pdf Graphic file (type pd
f)
<use bookdown-demo_files/figure-latex/ch10scatter2-1.pdf>


[129]


Overfull \hbox (4.29454pt too wide) has occurred while \output is active
\TU/lmr/m/n/10 130 \TU/lmr/m/sl/10 CHAPTER 10.  EXPLORATORY DATA ANALYSIS AND T
IDYING DATA
 []

[130]

[131]


Overfull \hbox (4.29454pt too wide) has occurred while \output is active
\TU/lmr/m/n/10 132 \TU/lmr/m/sl/10 CHAPTER 10.  EXPLORATORY DATA ANALYSIS AND T
IDYING DATA
 []

[132

]
Chapter 11.


[133]


Overfull \hbox (199.28123pt too wide) has occurred while \output is active
\TU/lmr/m/n/10 134 \TU/lmr/m/sl/10 CHAPTER 11.  SAMPLING DISTRIBUTIONS AND THE 
CENTRAL LIMIT THEOREM (UNDER CONSTRUCTION)
 []

[134]

[135]
File: bookdown-demo_files/figure-latex/LLN-1.pdf Graphic file (type pdf)
<use bookdown-demo_files/figure-latex/LLN-1.pdf>

Underfull \vbox (badness 10000) has occurred while \output is active []




Overfull \hbox (199.28123pt too wide) has occurred while \output is active
\TU/lmr/m/n/10 136 \TU/lmr/m/sl/10 CHAPTER 11.  SAMPLING DISTRIBUTIONS AND THE 
CENTRAL LIMIT THEOREM (UNDER CONSTRUCTION)
 []

[136]

[137]


Overfull \hbox (199.28123pt too wide) has occurred while \output is active
\TU/lmr/m/n/10 138 \TU/lmr/m/sl/10 CHAPTER 11.  SAMPLING DISTRIBUTIONS AND THE 
CENTRAL LIMIT THEOREM (UNDER CONSTRUCTION)
 []

[138] (bookdown-demo.bbl

[139]


Overfull \hbox (199.28123pt too wide) has occurred while \output is active
\TU/lmr/m/n/10 140 \TU/lmr/m/sl/10 CHAPTER 11.  SAMPLING DISTRIBUTIONS AND THE 
CENTRAL LIMIT THEOREM (UNDER CONSTRUCTION)
 []

[140

])

[141] (bookdown-demo.aux)
 ***********
LaTeX2e <2024-06-01> patch level 2
L3 programming layer <2024-07-20>
 ***********

LaTeX Warning: There were undefined references.

 ) 
Here is how much of TeX's memory you used:
 19934 strings out of 409029
 366203 string characters out of 5763847
 1948612 words of memory out of 5000000
 42323 multiletter control sequences out of 15000+600000
 564592 words of font info for 98 fonts, out of 8000000 for 9000
 1348 hyphenation exceptions out of 8191
 90i,6n,123p,1012b,553s stack positions out of 10000i,1000n,20000p,200000b,200000s

Output written on bookdown-demo.pdf (141 pages).
